
Allocating common symbols
Common symbol       size              file

thread_ready_list   0x10              build/thread.o
thread_all_list     0x10              build/thread.o
user_pool           0x10              build/memory.o
intr_name           0xc0              build/interrupt.o
main_thread         0x4               build/thread.o
ticks               0x4               build/timer.o
kernel_vaddr        0xc               build/memory.o
idt_table           0xc0              build/interrupt.o
kernel_pool         0x10              build/memory.o

Discarded input sections

 .note.GNU-stack
                0x0000000000000000        0x0 build/main.o
 .note.GNU-stack
                0x0000000000000000        0x0 build/init.o
 .note.GNU-stack
                0x0000000000000000        0x0 build/interrupt.o
 .note.GNU-stack
                0x0000000000000000        0x0 build/io.o
 .note.GNU-stack
                0x0000000000000000        0x0 build/debug.o
 .note.GNU-stack
                0x0000000000000000        0x0 build/string.o
 .note.GNU-stack
                0x0000000000000000        0x0 build/memory.o
 .note.GNU-stack
                0x0000000000000000        0x0 build/bitmap.o
 .note.GNU-stack
                0x0000000000000000        0x0 build/thread.o
 .note.GNU-stack
                0x0000000000000000        0x0 build/list.o
 .note.GNU-stack
                0x0000000000000000        0x0 build/timer.o
 .note.GNU-stack
                0x0000000000000000        0x0 build/console.o
 .note.GNU-stack
                0x0000000000000000        0x0 build/sync.o
 .note.GNU-stack
                0x0000000000000000        0x0 build/keyboard.o
 .note.GNU-stack
                0x0000000000000000        0x0 build/tss.o

Memory Configuration

Name             Origin             Length             Attributes
*default*        0x0000000000000000 0xffffffffffffffff

Linker script and memory map

Address of section .text set to 0xc0001500
LOAD build/main.o
LOAD build/kernel.o
LOAD build/init.o
LOAD build/print.o
LOAD build/interrupt.o
LOAD build/io.o
LOAD build/debug.o
LOAD build/string.o
LOAD build/memory.o
LOAD build/bitmap.o
LOAD build/thread.o
LOAD build/list.o
LOAD build/timer.o
LOAD build/switch.o
LOAD build/console.o
LOAD build/sync.o
LOAD build/keyboard.o
LOAD build/tss.o
                [!provide]                        PROVIDE (__executable_start, 0x8048000)
                0x0000000008048094                . = (0x8048000 + SIZEOF_HEADERS)

.interp
 *(.interp)

.note.gnu.build-id
 *(.note.gnu.build-id)

.hash
 *(.hash)

.gnu.hash
 *(.gnu.hash)

.dynsym
 *(.dynsym)

.dynstr
 *(.dynstr)

.gnu.version
 *(.gnu.version)

.gnu.version_d
 *(.gnu.version_d)

.gnu.version_r
 *(.gnu.version_r)

.rel.dyn        0x0000000008048094        0x0
 *(.rel.init)
 *(.rel.text .rel.text.* .rel.gnu.linkonce.t.*)
 .rel.text      0x0000000008048094        0x0 build/main.o
 *(.rel.fini)
 *(.rel.rodata .rel.rodata.* .rel.gnu.linkonce.r.*)
 *(.rel.data.rel.ro .rel.data.rel.ro.* .rel.gnu.linkonce.d.rel.ro.*)
 *(.rel.data .rel.data.* .rel.gnu.linkonce.d.*)
 *(.rel.tdata .rel.tdata.* .rel.gnu.linkonce.td.*)
 *(.rel.tbss .rel.tbss.* .rel.gnu.linkonce.tb.*)
 *(.rel.ctors)
 *(.rel.dtors)
 *(.rel.got)
 *(.rel.bss .rel.bss.* .rel.gnu.linkonce.b.*)
 *(.rel.ifunc)

.rel.plt        0x0000000008048094        0x0
 *(.rel.plt)
                [!provide]                        PROVIDE (__rel_iplt_start, .)
 *(.rel.iplt)
 .rel.iplt      0x0000000008048094        0x0 build/main.o
                [!provide]                        PROVIDE (__rel_iplt_end, .)

.init
 *(SORT(.init))

.plt            0x00000000080480a0        0x0
 *(.plt)
 *(.iplt)
 .iplt          0x00000000080480a0        0x0 build/main.o

.plt.got
 *(.plt.got)

.text           0x00000000c0001500     0x27e1
 *(.text.unlikely .text.*_unlikely .text.unlikely.*)
 *(.text.exit .text.exit.*)
 *(.text.startup .text.startup.*)
 *(.text.hot .text.hot.*)
 *(.text .stub .text.* .gnu.linkonce.t.*)
 .text          0x00000000c0001500       0x65 build/main.o
                0x00000000c0001500                main
                0x00000000c000152d                kthread_a
                0x00000000c0001549                kthread_b
 *fill*         0x00000000c0001565        0xb 
 .text          0x00000000c0001570      0x560 build/kernel.o
                0x00000000c0001570                intr_exit
                0x00000000c0001ab1                lodidt
 .text          0x00000000c0001ad0       0x3c build/init.o
                0x00000000c0001ad0                init_all
 *fill*         0x00000000c0001b0c        0x4 
 .text          0x00000000c0001b10      0x14e build/print.o
                0x00000000c0001b10                put_char
                0x00000000c0001bdd                put_str
                0x00000000c0001bfb                put_int
 .text          0x00000000c0001c5e      0x39e build/interrupt.o
                0x00000000c0001efd                register_handler
                0x00000000c0001f1a                idt_init
                0x00000000c0001f68                intr_enable
                0x00000000c0001f91                intr_disable
                0x00000000c0001fba                intr_set_status
                0x00000000c0001fd8                intr_get_status
 .text          0x00000000c0001ffc       0xa6 build/io.o
                0x00000000c0001ffc                outb
                0x00000000c000201b                outsw
                0x00000000c0002050                inb
                0x00000000c000206d                insw
 .text          0x00000000c00020a2       0xd6 build/debug.o
                0x00000000c00020a2                panic_spin
 .text          0x00000000c0002178      0x3d0 build/string.o
                0x00000000c0002178                memset
                0x00000000c00021ca                memcpy
                0x00000000c000222a                memcmp
                0x00000000c00022ad                strcpy
                0x00000000c0002302                strlen
                0x00000000c000234d                strcmp
                0x00000000c00023c6                strchr
                0x00000000c000241e                strrchr
                0x00000000c000247c                strcat
                0x00000000c00024e6                strchrs
 .text          0x00000000c0002548      0x564 build/memory.o
                0x00000000c00025ca                pte_ptr
                0x00000000c00025fa                pde_ptr
                0x00000000c0002764                malloc_page
                0x00000000c0002823                get_kernel_pages
                0x00000000c0002a6b                mem_init
 .text          0x00000000c0002aac      0x24d build/bitmap.o
                0x00000000c0002aac                bitmap_init
                0x00000000c0002acf                bitmap_scan_test
                0x00000000c0002b0f                bitmap_scan
                0x00000000c0002c48                bitmap_set
 .text          0x00000000c0002cf9      0x544 build/thread.o
                0x00000000c0002cf9                running_thread
                0x00000000c0002d2a                thread_creat
                0x00000000c0002da1                init_thread
                0x00000000c0002e37                thread_start
                0x00000000c0002f10                schedule
                0x00000000c0003021                thread_block
                0x00000000c0003081                thread_unblock
                0x00000000c00031ef                thread_init
 .text          0x00000000c000323d      0x1f1 build/list.o
                0x00000000c000323d                list_init
                0x00000000c000326b                list_insert_before
                0x00000000c00032b0                list_push
                0x00000000c00032ce                list_append
                0x00000000c00032ec                list_remove
                0x00000000c0003326                list_pop
                0x00000000c0003348                elem_find
                0x00000000c0003383                list_traversal
                0x00000000c00033e0                list_len
                0x00000000c0003415                list_empty
 .text          0x00000000c000342e       0xb0 build/timer.o
                0x00000000c00034a3                timer_init
 *fill*         0x00000000c00034de        0x2 
 .text          0x00000000c00034e0       0x15 build/switch.o
                0x00000000c00034e0                switch_to
 .text          0x00000000c00034f5       0xb6 build/console.o
                0x00000000c00034f5                console_init
                0x00000000c000350e                console_acquire
                0x00000000c0003527                console_release
                0x00000000c0003540                console_put_str
                0x00000000c0003561                console_put_char
                0x00000000c000358a                console_put_int
 .text          0x00000000c00035ab      0x313 build/sync.o
                0x00000000c00035ab                sema_init
                0x00000000c00035d5                lock_init
                0x00000000c0003605                sema_down
                0x00000000c0003700                sema_up
                0x00000000c00037af                lock_acquire
                0x00000000c0003826                lock_release
 .text          0x00000000c00038be      0x297 build/keyboard.o
                0x00000000c0003b1a                keyboard_init
 .text          0x00000000c0003b55      0x18c build/tss.o
                0x00000000c0003b55                update_tss_esp
                0x00000000c0003bd7                tss_init
 *(.gnu.warning)

.fini
 *(SORT(.fini))
                [!provide]                        PROVIDE (__etext, .)
                [!provide]                        PROVIDE (_etext, .)
                [!provide]                        PROVIDE (etext, .)

.rodata         0x00000000c0003ce4      0x9ca
 *(.rodata .rodata.* .gnu.linkonce.r.*)
 .rodata        0x00000000c0003ce4        0xe build/main.o
 .rodata        0x00000000c0003cf2        0xc build/init.o
 *fill*         0x00000000c0003cfe        0x2 
 .rodata        0x00000000c0003d00      0x25d build/interrupt.o
 .rodata        0x00000000c0003f5d       0x3f build/debug.o
 .rodata        0x00000000c0003f9c       0xc4 build/string.o
 .rodata        0x00000000c0004060      0x148 build/memory.o
 .rodata        0x00000000c00041a8       0x6b build/bitmap.o
 *fill*         0x00000000c0004213        0x1 
 .rodata        0x00000000c0004214      0x2c9 build/thread.o
 *fill*         0x00000000c00044dd        0x3 
 .rodata        0x00000000c00044e0       0x6f build/timer.o
 *fill*         0x00000000c000454f        0x1 
 .rodata        0x00000000c0004550      0x105 build/sync.o
 .rodata        0x00000000c0004655       0x38 build/keyboard.o
 .rodata        0x00000000c000468d       0x21 build/tss.o

.rodata1
 *(.rodata1)

.eh_frame_hdr
 *(.eh_frame_hdr)
 *(.eh_frame_entry .eh_frame_entry.*)

.eh_frame       0x00000000c00046b0      0xa7c
 *(.eh_frame)
 .eh_frame      0x00000000c00046b0       0x74 build/main.o
 .eh_frame      0x00000000c0004724       0x20 build/init.o
                                         0x38 (size before relaxing)
 .eh_frame      0x00000000c0004744      0x160 build/interrupt.o
                                        0x178 (size before relaxing)
 .eh_frame      0x00000000c00048a4       0x90 build/io.o
                                         0xa8 (size before relaxing)
 .eh_frame      0x00000000c0004934       0x1c build/debug.o
                                         0x34 (size before relaxing)
 .eh_frame      0x00000000c0004950      0x140 build/string.o
                                        0x158 (size before relaxing)
 .eh_frame      0x00000000c0004a90      0x120 build/memory.o
                                        0x138 (size before relaxing)
 .eh_frame      0x00000000c0004bb0       0x90 build/bitmap.o
                                         0xa8 (size before relaxing)
 .eh_frame      0x00000000c0004c40      0x140 build/thread.o
                                        0x158 (size before relaxing)
 .eh_frame      0x00000000c0004d80      0x140 build/list.o
                                        0x158 (size before relaxing)
 .eh_frame      0x00000000c0004ec0       0x40 build/timer.o
                                         0x58 (size before relaxing)
 .eh_frame      0x00000000c0004f00       0xc0 build/console.o
                                         0xd8 (size before relaxing)
 .eh_frame      0x00000000c0004fc0       0xc8 build/sync.o
                                         0xe0 (size before relaxing)
 .eh_frame      0x00000000c0005088       0x40 build/keyboard.o
                                         0x58 (size before relaxing)
 .eh_frame      0x00000000c00050c8       0x64 build/tss.o
                                         0x7c (size before relaxing)
 *(.eh_frame.*)

.gcc_except_table
 *(.gcc_except_table .gcc_except_table.*)

.gnu_extab
 *(.gnu_extab*)

.exception_ranges
 *(.exception_ranges .exception_ranges*)
                0x00000000c000612c                . = DATA_SEGMENT_ALIGN (0x1000, 0x1000)

.eh_frame
 *(.eh_frame)
 *(.eh_frame.*)

.gnu_extab
 *(.gnu_extab)

.gcc_except_table
 *(.gcc_except_table .gcc_except_table.*)

.exception_ranges
 *(.exception_ranges .exception_ranges*)

.tdata
 *(.tdata .tdata.* .gnu.linkonce.td.*)

.tbss
 *(.tbss .tbss.* .gnu.linkonce.tb.*)
 *(.tcommon)

.preinit_array  0x00000000c000612c        0x0
                [!provide]                        PROVIDE (__preinit_array_start, .)
 *(.preinit_array)
                [!provide]                        PROVIDE (__preinit_array_end, .)

.init_array     0x00000000c000612c        0x0
                [!provide]                        PROVIDE (__init_array_start, .)
 *(SORT(.init_array.*) SORT(.ctors.*))
 *(.init_array EXCLUDE_FILE(*crtend?.o *crtend.o *crtbegin?.o *crtbegin.o) .ctors)
                [!provide]                        PROVIDE (__init_array_end, .)

.fini_array     0x00000000c000612c        0x0
                [!provide]                        PROVIDE (__fini_array_start, .)
 *(SORT(.fini_array.*) SORT(.dtors.*))
 *(.fini_array EXCLUDE_FILE(*crtend?.o *crtend.o *crtbegin?.o *crtbegin.o) .dtors)
                [!provide]                        PROVIDE (__fini_array_end, .)

.ctors
 *crtbegin.o(.ctors)
 *crtbegin?.o(.ctors)
 *(EXCLUDE_FILE(*crtend?.o *crtend.o) .ctors)
 *(SORT(.ctors.*))
 *(.ctors)

.dtors
 *crtbegin.o(.dtors)
 *crtbegin?.o(.dtors)
 *(EXCLUDE_FILE(*crtend?.o *crtend.o) .dtors)
 *(SORT(.dtors.*))
 *(.dtors)

.jcr
 *(.jcr)

.data.rel.ro
 *(.data.rel.ro.local* .gnu.linkonce.d.rel.ro.local.*)
 *(.data.rel.ro .data.rel.ro.* .gnu.linkonce.d.rel.ro.*)

.dynamic
 *(.dynamic)

.got
 *(.got)
 *(.igot)
                0x00000000c000612c                . = DATA_SEGMENT_RELRO_END (., (SIZEOF (.got.plt) >= 0xc)?0xc:0x0)

.got.plt        0x00000000c000612c        0x0
 *(.got.plt)
 *(.igot.plt)
 .igot.plt      0x00000000c000612c        0x0 build/main.o

.data           0x00000000c0006140      0x156
 *(.data .data.* .gnu.linkonce.d.*)
 .data          0x00000000c0006140        0x0 build/main.o
 .data          0x00000000c0006140       0xd5 build/kernel.o
                0x00000000c0006155                intr_entry_table
 .data          0x00000000c0006215        0x0 build/init.o
 *fill*         0x00000000c0006215        0x3 
 .data          0x00000000c0006218        0x8 build/print.o
 .data          0x00000000c0006220        0x0 build/interrupt.o
 .data          0x00000000c0006220        0x0 build/io.o
 .data          0x00000000c0006220        0x0 build/debug.o
 .data          0x00000000c0006220        0x0 build/string.o
 .data          0x00000000c0006220        0x0 build/memory.o
 .data          0x00000000c0006220        0x0 build/bitmap.o
 .data          0x00000000c0006220        0x0 build/thread.o
 .data          0x00000000c0006220        0x0 build/list.o
 .data          0x00000000c0006220        0x0 build/timer.o
 .data          0x00000000c0006220        0x0 build/console.o
 .data          0x00000000c0006220        0x0 build/sync.o
 .data          0x00000000c0006220       0x76 build/keyboard.o
 .data          0x00000000c0006296        0x0 build/tss.o

.data1
 *(.data1)
                0x00000000c0006296                _edata = .
                [!provide]                        PROVIDE (edata, .)
                0x00000000c0006296                . = .
                0x00000000c0006296                __bss_start = .

.bss            0x00000000c00062a0      0x414
 *(.dynbss)
 *(.bss .bss.* .gnu.linkonce.b.*)
 .bss           0x00000000c00062a0        0x0 build/main.o
 .bss           0x00000000c00062a0        0x0 build/init.o
 .bss           0x00000000c00062a0      0x180 build/interrupt.o
 .bss           0x00000000c0006420        0x0 build/io.o
 .bss           0x00000000c0006420        0x0 build/debug.o
 .bss           0x00000000c0006420        0x0 build/string.o
 .bss           0x00000000c0006420        0x0 build/memory.o
 .bss           0x00000000c0006420        0x0 build/bitmap.o
 .bss           0x00000000c0006420        0x4 build/thread.o
 .bss           0x00000000c0006424        0x0 build/list.o
 .bss           0x00000000c0006424        0x0 build/timer.o
 .bss           0x00000000c0006424       0x1c build/console.o
 .bss           0x00000000c0006440        0x0 build/sync.o
 .bss           0x00000000c0006440       0x14 build/keyboard.o
 *fill*         0x00000000c0006454        0xc 
 .bss           0x00000000c0006460       0x6c build/tss.o
 *(COMMON)
 *fill*         0x00000000c00064cc       0x14 
 COMMON         0x00000000c00064e0      0x180 build/interrupt.o
                0x00000000c00064e0                intr_name
                0x00000000c00065a0                idt_table
 COMMON         0x00000000c0006660       0x2c build/memory.o
                0x00000000c0006660                user_pool
                0x00000000c0006670                kernel_vaddr
                0x00000000c000667c                kernel_pool
 COMMON         0x00000000c000668c       0x24 build/thread.o
                0x00000000c000668c                thread_ready_list
                0x00000000c000669c                thread_all_list
                0x00000000c00066ac                main_thread
 COMMON         0x00000000c00066b0        0x4 build/timer.o
                0x00000000c00066b0                ticks
                0x00000000c00066b4                . = ALIGN ((. != 0x0)?0x4:0x1)
                0x00000000c00066b4                . = ALIGN (0x4)
                0x00000000c00066b4                . = SEGMENT_START ("ldata-segment", .)
                0x00000000c00066b4                . = ALIGN (0x4)
                0x00000000c00066b4                _end = .
                [!provide]                        PROVIDE (end, .)
                0x00000000c00066b4                . = DATA_SEGMENT_END (.)

.stab
 *(.stab)

.stabstr
 *(.stabstr)

.stab.excl
 *(.stab.excl)

.stab.exclstr
 *(.stab.exclstr)

.stab.index
 *(.stab.index)

.stab.indexstr
 *(.stab.indexstr)

.comment        0x0000000000000000       0x35
 *(.comment)
 .comment       0x0000000000000000       0x35 build/main.o
                                         0x36 (size before relaxing)
 .comment       0x0000000000000035       0x36 build/init.o
 .comment       0x0000000000000035       0x36 build/interrupt.o
 .comment       0x0000000000000035       0x36 build/io.o
 .comment       0x0000000000000035       0x36 build/debug.o
 .comment       0x0000000000000035       0x36 build/string.o
 .comment       0x0000000000000035       0x36 build/memory.o
 .comment       0x0000000000000035       0x36 build/bitmap.o
 .comment       0x0000000000000035       0x36 build/thread.o
 .comment       0x0000000000000035       0x36 build/list.o
 .comment       0x0000000000000035       0x36 build/timer.o
 .comment       0x0000000000000035       0x36 build/console.o
 .comment       0x0000000000000035       0x36 build/sync.o
 .comment       0x0000000000000035       0x36 build/keyboard.o
 .comment       0x0000000000000035       0x36 build/tss.o

.debug
 *(.debug)

.line
 *(.line)

.debug_srcinfo
 *(.debug_srcinfo)

.debug_sfnames
 *(.debug_sfnames)

.debug_aranges
 *(.debug_aranges)

.debug_pubnames
 *(.debug_pubnames)

.debug_info
 *(.debug_info .gnu.linkonce.wi.*)

.debug_abbrev
 *(.debug_abbrev)

.debug_line
 *(.debug_line .debug_line.* .debug_line_end)

.debug_frame
 *(.debug_frame)

.debug_str
 *(.debug_str)

.debug_loc
 *(.debug_loc)

.debug_macinfo
 *(.debug_macinfo)

.debug_weaknames
 *(.debug_weaknames)

.debug_funcnames
 *(.debug_funcnames)

.debug_typenames
 *(.debug_typenames)

.debug_varnames
 *(.debug_varnames)

.debug_pubtypes
 *(.debug_pubtypes)

.debug_ranges
 *(.debug_ranges)

.debug_macro
 *(.debug_macro)

.gnu.attributes
 *(.gnu.attributes)

/DISCARD/
 *(.note.GNU-stack)
 *(.gnu_debuglink)
 *(.gnu.lto_*)
OUTPUT(build/kernel.bin elf32-i386)
