
Allocating common symbols
Common symbol       size              file

thread_ready_list   0x10              build/thread.o
thread_all_list     0x10              build/thread.o
user_pool           0x2c              build/memory.o
intr_name           0x204             build/interrupt.o
main_thread         0x4               build/thread.o
ticks               0x4               build/timer.o
kernel_vaddr        0xc               build/memory.o
syscall_table       0x80              build/syscall-init.o
idt_table           0x204             build/interrupt.o
kernel_pool         0x2c              build/memory.o
pid_lock            0x1c              build/thread.o

Discarded input sections

 .note.GNU-stack
                0x0000000000000000        0x0 build/main.o
 .note.GNU-stack
                0x0000000000000000        0x0 build/init.o
 .note.GNU-stack
                0x0000000000000000        0x0 build/interrupt.o
 .note.GNU-stack
                0x0000000000000000        0x0 build/io.o
 .note.GNU-stack
                0x0000000000000000        0x0 build/debug.o
 .note.GNU-stack
                0x0000000000000000        0x0 build/string.o
 .note.GNU-stack
                0x0000000000000000        0x0 build/memory.o
 .note.GNU-stack
                0x0000000000000000        0x0 build/bitmap.o
 .note.GNU-stack
                0x0000000000000000        0x0 build/thread.o
 .note.GNU-stack
                0x0000000000000000        0x0 build/list.o
 .note.GNU-stack
                0x0000000000000000        0x0 build/syscall.o
 .note.GNU-stack
                0x0000000000000000        0x0 build/syscall-init.o
 .note.GNU-stack
                0x0000000000000000        0x0 build/timer.o
 .note.GNU-stack
                0x0000000000000000        0x0 build/console.o
 .note.GNU-stack
                0x0000000000000000        0x0 build/sync.o
 .note.GNU-stack
                0x0000000000000000        0x0 build/keyboard.o
 .note.GNU-stack
                0x0000000000000000        0x0 build/tss.o
 .note.GNU-stack
                0x0000000000000000        0x0 build/process.o
 .note.GNU-stack
                0x0000000000000000        0x0 build/stdio.o

Memory Configuration

Name             Origin             Length             Attributes
*default*        0x0000000000000000 0xffffffffffffffff

Linker script and memory map

Address of section .text set to 0xc0001500
LOAD build/main.o
LOAD build/kernel.o
LOAD build/init.o
LOAD build/print.o
LOAD build/interrupt.o
LOAD build/io.o
LOAD build/debug.o
LOAD build/string.o
LOAD build/memory.o
LOAD build/bitmap.o
LOAD build/thread.o
LOAD build/list.o
LOAD build/syscall.o
LOAD build/syscall-init.o
LOAD build/timer.o
LOAD build/switch.o
LOAD build/console.o
LOAD build/sync.o
LOAD build/keyboard.o
LOAD build/tss.o
LOAD build/process.o
LOAD build/stdio.o
                [!provide]                        PROVIDE (__executable_start, 0x8048000)
                0x0000000008048094                . = (0x8048000 + SIZEOF_HEADERS)

.interp
 *(.interp)

.note.gnu.build-id
 *(.note.gnu.build-id)

.hash
 *(.hash)

.gnu.hash
 *(.gnu.hash)

.dynsym
 *(.dynsym)

.dynstr
 *(.dynstr)

.gnu.version
 *(.gnu.version)

.gnu.version_d
 *(.gnu.version_d)

.gnu.version_r
 *(.gnu.version_r)

.rel.dyn        0x0000000008048094        0x0
 *(.rel.init)
 *(.rel.text .rel.text.* .rel.gnu.linkonce.t.*)
 .rel.text      0x0000000008048094        0x0 build/main.o
 *(.rel.fini)
 *(.rel.rodata .rel.rodata.* .rel.gnu.linkonce.r.*)
 *(.rel.data.rel.ro .rel.data.rel.ro.* .rel.gnu.linkonce.d.rel.ro.*)
 *(.rel.data .rel.data.* .rel.gnu.linkonce.d.*)
 *(.rel.tdata .rel.tdata.* .rel.gnu.linkonce.td.*)
 *(.rel.tbss .rel.tbss.* .rel.gnu.linkonce.tb.*)
 *(.rel.ctors)
 *(.rel.dtors)
 *(.rel.got)
 *(.rel.bss .rel.bss.* .rel.gnu.linkonce.b.*)
 *(.rel.ifunc)

.rel.plt        0x0000000008048094        0x0
 *(.rel.plt)
                [!provide]                        PROVIDE (__rel_iplt_start, .)
 *(.rel.iplt)
 .rel.iplt      0x0000000008048094        0x0 build/main.o
                [!provide]                        PROVIDE (__rel_iplt_end, .)

.init
 *(SORT(.init))

.plt            0x00000000080480a0        0x0
 *(.plt)
 *(.iplt)
 .iplt          0x00000000080480a0        0x0 build/main.o

.plt.got
 *(.plt.got)

.text           0x00000000c0001500     0x32b6
 *(.text.unlikely .text.*_unlikely .text.unlikely.*)
 *(.text.exit .text.exit.*)
 *(.text.startup .text.startup.*)
 *(.text.hot .text.hot.*)
 *(.text .stub .text.* .gnu.linkonce.t.*)
 .text          0x00000000c0001500      0x17f build/main.o
                0x00000000c0001500                main
                0x00000000c00015b7                k_thread_a
                0x00000000c00015f3                k_thread_b
                0x00000000c000162f                u_prog_a
                0x00000000c0001657                u_prog_b
 *fill*         0x00000000c000167f        0x1 
 .text          0x00000000c0001680      0x584 build/kernel.o
                0x00000000c0001680                intr_exit
                0x00000000c0001bc1                lodidt
                0x00000000c0001be0                syscall_handler
 .text          0x00000000c0001c04       0x41 build/init.o
                0x00000000c0001c04                init_all
 *fill*         0x00000000c0001c45        0xb 
 .text          0x00000000c0001c50      0x14e build/print.o
                0x00000000c0001c50                put_char
                0x00000000c0001d1d                put_str
                0x00000000c0001d3b                put_int
 .text          0x00000000c0001d9e      0x3c9 build/interrupt.o
                0x00000000c0002068                register_handler
                0x00000000c0002085                idt_init
                0x00000000c00020d3                intr_enable
                0x00000000c00020fc                intr_disable
                0x00000000c0002125                intr_set_status
                0x00000000c0002143                intr_get_status
 .text          0x00000000c0002167       0xa6 build/io.o
                0x00000000c0002167                outb
                0x00000000c0002186                outsw
                0x00000000c00021bb                inb
                0x00000000c00021d8                insw
 .text          0x00000000c000220d       0xd6 build/debug.o
                0x00000000c000220d                panic_spin
 .text          0x00000000c00022e3      0x3d0 build/string.o
                0x00000000c00022e3                memset
                0x00000000c0002335                memcpy
                0x00000000c0002395                memcmp
                0x00000000c0002418                strcpy
                0x00000000c000246d                strlen
                0x00000000c00024b8                strcmp
                0x00000000c0002531                strchr
                0x00000000c0002589                strrchr
                0x00000000c00025e7                strcat
                0x00000000c0002651                strchrs
 .text          0x00000000c00026b3      0x7fd build/memory.o
                0x00000000c00027c9                pte_ptr
                0x00000000c00027f9                pde_ptr
                0x00000000c0002963                malloc_page
                0x00000000c0002a22                get_kernel_pages
                0x00000000c0002a5d                get_user_pages
                0x00000000c0002ab8                get_a_page
                0x00000000c0002c16                addr_v2p
                0x00000000c0002e6f                mem_init
 .text          0x00000000c0002eb0      0x24d build/bitmap.o
                0x00000000c0002eb0                bitmap_init
                0x00000000c0002ed3                bitmap_scan_test
                0x00000000c0002f13                bitmap_scan
                0x00000000c000304c                bitmap_set
 .text          0x00000000c00030fd      0x5b8 build/thread.o
                0x00000000c00030fd                running_thread
                0x00000000c000316d                thread_creat
                0x00000000c00031e4                init_thread
                0x00000000c0003288                thread_start
                0x00000000c0003361                schedule
                0x00000000c0003480                thread_block
                0x00000000c00034e0                thread_unblock
                0x00000000c0003657                thread_init
 .text          0x00000000c00036b5      0x1f1 build/list.o
                0x00000000c00036b5                list_init
                0x00000000c00036e3                list_insert_before
                0x00000000c0003728                list_push
                0x00000000c0003746                list_append
                0x00000000c0003764                list_remove
                0x00000000c000379e                list_pop
                0x00000000c00037c0                elem_find
                0x00000000c00037fb                list_traversal
                0x00000000c0003858                list_len
                0x00000000c000388d                list_empty
 .text          0x00000000c00038a6       0x34 build/syscall.o
                0x00000000c00038a6                getpid
                0x00000000c00038bb                write
 .text          0x00000000c00038da       0x73 build/syscall-init.o
                0x00000000c00038da                sys_getpid
                0x00000000c00038ec                sys_write
                0x00000000c0003910                syscall_init
 .text          0x00000000c000394d       0xb0 build/timer.o
                0x00000000c00039c2                timer_init
 *fill*         0x00000000c00039fd        0x3 
 .text          0x00000000c0003a00       0x15 build/switch.o
                0x00000000c0003a00                switch_to
 .text          0x00000000c0003a15       0xb6 build/console.o
                0x00000000c0003a15                console_init
                0x00000000c0003a2e                console_acquire
                0x00000000c0003a47                console_release
                0x00000000c0003a60                console_put_str
                0x00000000c0003a81                console_put_char
                0x00000000c0003aaa                console_put_int
 .text          0x00000000c0003acb      0x313 build/sync.o
                0x00000000c0003acb                sema_init
                0x00000000c0003af5                lock_init
                0x00000000c0003b25                sema_down
                0x00000000c0003c20                sema_up
                0x00000000c0003ccf                lock_acquire
                0x00000000c0003d46                lock_release
 .text          0x00000000c0003dde      0x297 build/keyboard.o
                0x00000000c000403a                keyboard_init
 .text          0x00000000c0004075      0x18c build/tss.o
                0x00000000c0004075                update_tss_esp
                0x00000000c00040f7                tss_init
 .text          0x00000000c0004201      0x35e build/process.o
                0x00000000c0004201                start_process
                0x00000000c0004306                page_dir_activate
                0x00000000c000433b                process_activate
                0x00000000c0004389                create_page_dir
                0x00000000c00043fa                create_user_vaddr_bitmap
                0x00000000c0004446                process_execute
 .text          0x00000000c000455f      0x257 build/stdio.o
                0x00000000c00045de                vsprintf
                0x00000000c000475b                printf
 *(.gnu.warning)

.fini
 *(SORT(.fini))
                [!provide]                        PROVIDE (__etext, .)
                [!provide]                        PROVIDE (_etext, .)
                [!provide]                        PROVIDE (etext, .)

.rodata         0x00000000c00047b8      0xbf8
 *(.rodata .rodata.* .gnu.linkonce.r.*)
 .rodata        0x00000000c00047b8       0x96 build/main.o
 .rodata        0x00000000c000484e        0xc build/init.o
 *fill*         0x00000000c000485a        0x2 
 .rodata        0x00000000c000485c      0x25d build/interrupt.o
 .rodata        0x00000000c0004ab9       0x3f build/debug.o
 .rodata        0x00000000c0004af8       0xc4 build/string.o
 .rodata        0x00000000c0004bbc      0x1eb build/memory.o
 *fill*         0x00000000c0004da7        0x1 
 .rodata        0x00000000c0004da8       0x6b build/bitmap.o
 *fill*         0x00000000c0004e13        0x1 
 .rodata        0x00000000c0004e14      0x2c9 build/thread.o
 .rodata        0x00000000c00050dd       0x27 build/syscall-init.o
 .rodata        0x00000000c0005104       0x6f build/timer.o
 *fill*         0x00000000c0005173        0x1 
 .rodata        0x00000000c0005174      0x105 build/sync.o
 .rodata        0x00000000c0005279       0x38 build/keyboard.o
 .rodata        0x00000000c00052b1       0x21 build/tss.o
 *fill*         0x00000000c00052d2        0x2 
 .rodata        0x00000000c00052d4       0xdc build/process.o

.rodata1
 *(.rodata1)

.eh_frame_hdr
 *(.eh_frame_hdr)
 *(.eh_frame_entry .eh_frame_entry.*)

.eh_frame       0x00000000c00053b0      0xcfc
 *(.eh_frame)
 .eh_frame      0x00000000c00053b0       0xac build/main.o
 .eh_frame      0x00000000c000545c       0x20 build/init.o
                                         0x38 (size before relaxing)
 .eh_frame      0x00000000c000547c      0x160 build/interrupt.o
                                        0x178 (size before relaxing)
 .eh_frame      0x00000000c00055dc       0x90 build/io.o
                                         0xa8 (size before relaxing)
 .eh_frame      0x00000000c000566c       0x1c build/debug.o
                                         0x34 (size before relaxing)
 .eh_frame      0x00000000c0005688      0x140 build/string.o
                                        0x158 (size before relaxing)
 .eh_frame      0x00000000c00057c8      0x180 build/memory.o
                                        0x198 (size before relaxing)
 .eh_frame      0x00000000c0005948       0x90 build/bitmap.o
                                         0xa8 (size before relaxing)
 .eh_frame      0x00000000c00059d8      0x160 build/thread.o
                                        0x178 (size before relaxing)
 .eh_frame      0x00000000c0005b38      0x140 build/list.o
                                        0x158 (size before relaxing)
 .eh_frame      0x00000000c0005c78       0x44 build/syscall.o
                                         0x5c (size before relaxing)
 .eh_frame      0x00000000c0005cbc       0x60 build/syscall-init.o
                                         0x78 (size before relaxing)
 .eh_frame      0x00000000c0005d1c       0x40 build/timer.o
                                         0x58 (size before relaxing)
 .eh_frame      0x00000000c0005d5c       0xc0 build/console.o
                                         0xd8 (size before relaxing)
 .eh_frame      0x00000000c0005e1c       0xc8 build/sync.o
                                         0xe0 (size before relaxing)
 .eh_frame      0x00000000c0005ee4       0x40 build/keyboard.o
                                         0x58 (size before relaxing)
 .eh_frame      0x00000000c0005f24       0x64 build/tss.o
                                         0x7c (size before relaxing)
 .eh_frame      0x00000000c0005f88       0xc0 build/process.o
                                         0xd8 (size before relaxing)
 .eh_frame      0x00000000c0006048       0x64 build/stdio.o
                                         0x7c (size before relaxing)
 *(.eh_frame.*)

.gcc_except_table
 *(.gcc_except_table .gcc_except_table.*)

.gnu_extab
 *(.gnu_extab*)

.exception_ranges
 *(.exception_ranges .exception_ranges*)
                0x00000000c00070ac                . = DATA_SEGMENT_ALIGN (0x1000, 0x1000)

.eh_frame
 *(.eh_frame)
 *(.eh_frame.*)

.gnu_extab
 *(.gnu_extab)

.gcc_except_table
 *(.gcc_except_table .gcc_except_table.*)

.exception_ranges
 *(.exception_ranges .exception_ranges*)

.tdata
 *(.tdata .tdata.* .gnu.linkonce.td.*)

.tbss
 *(.tbss .tbss.* .gnu.linkonce.tb.*)
 *(.tcommon)

.preinit_array  0x00000000c00070ac        0x0
                [!provide]                        PROVIDE (__preinit_array_start, .)
 *(.preinit_array)
                [!provide]                        PROVIDE (__preinit_array_end, .)

.init_array     0x00000000c00070ac        0x0
                [!provide]                        PROVIDE (__init_array_start, .)
 *(SORT(.init_array.*) SORT(.ctors.*))
 *(.init_array EXCLUDE_FILE(*crtend?.o *crtend.o *crtbegin?.o *crtbegin.o) .ctors)
                [!provide]                        PROVIDE (__init_array_end, .)

.fini_array     0x00000000c00070ac        0x0
                [!provide]                        PROVIDE (__fini_array_start, .)
 *(SORT(.fini_array.*) SORT(.dtors.*))
 *(.fini_array EXCLUDE_FILE(*crtend?.o *crtend.o *crtbegin?.o *crtbegin.o) .dtors)
                [!provide]                        PROVIDE (__fini_array_end, .)

.ctors
 *crtbegin.o(.ctors)
 *crtbegin?.o(.ctors)
 *(EXCLUDE_FILE(*crtend?.o *crtend.o) .ctors)
 *(SORT(.ctors.*))
 *(.ctors)

.dtors
 *crtbegin.o(.dtors)
 *crtbegin?.o(.dtors)
 *(EXCLUDE_FILE(*crtend?.o *crtend.o) .dtors)
 *(SORT(.dtors.*))
 *(.dtors)

.jcr
 *(.jcr)

.data.rel.ro
 *(.data.rel.ro.local* .gnu.linkonce.d.rel.ro.local.*)
 *(.data.rel.ro .data.rel.ro.* .gnu.linkonce.d.rel.ro.*)

.dynamic
 *(.dynamic)

.got
 *(.got)
 *(.igot)
                0x00000000c00070ac                . = DATA_SEGMENT_RELRO_END (., (SIZEOF (.got.plt) >= 0xc)?0xc:0x0)

.got.plt        0x00000000c00070ac        0x0
 *(.got.plt)
 *(.igot.plt)
 .igot.plt      0x00000000c00070ac        0x0 build/main.o

.data           0x00000000c00070c0      0x156
 *(.data .data.* .gnu.linkonce.d.*)
 .data          0x00000000c00070c0        0x0 build/main.o
 .data          0x00000000c00070c0       0xd5 build/kernel.o
                0x00000000c00070d5                intr_entry_table
 .data          0x00000000c0007195        0x0 build/init.o
 *fill*         0x00000000c0007195        0x3 
 .data          0x00000000c0007198        0x8 build/print.o
 .data          0x00000000c00071a0        0x0 build/interrupt.o
 .data          0x00000000c00071a0        0x0 build/io.o
 .data          0x00000000c00071a0        0x0 build/debug.o
 .data          0x00000000c00071a0        0x0 build/string.o
 .data          0x00000000c00071a0        0x0 build/memory.o
 .data          0x00000000c00071a0        0x0 build/bitmap.o
 .data          0x00000000c00071a0        0x0 build/thread.o
 .data          0x00000000c00071a0        0x0 build/list.o
 .data          0x00000000c00071a0        0x0 build/syscall.o
 .data          0x00000000c00071a0        0x0 build/syscall-init.o
 .data          0x00000000c00071a0        0x0 build/timer.o
 .data          0x00000000c00071a0        0x0 build/console.o
 .data          0x00000000c00071a0        0x0 build/sync.o
 .data          0x00000000c00071a0       0x76 build/keyboard.o
 .data          0x00000000c0007216        0x0 build/tss.o
 .data          0x00000000c0007216        0x0 build/process.o
 .data          0x00000000c0007216        0x0 build/stdio.o

.data1
 *(.data1)
                0x00000000c0007216                _edata = .
                [!provide]                        PROVIDE (edata, .)
                0x00000000c0007216                . = .
                0x00000000c0007216                __bss_start = .

.bss            0x00000000c0007220      0xa44
 *(.dynbss)
 *(.bss .bss.* .gnu.linkonce.b.*)
 .bss           0x00000000c0007220        0x0 build/main.o
 .bss           0x00000000c0007220        0x0 build/init.o
 .bss           0x00000000c0007220      0x408 build/interrupt.o
 .bss           0x00000000c0007628        0x0 build/io.o
 .bss           0x00000000c0007628        0x0 build/debug.o
 .bss           0x00000000c0007628        0x0 build/string.o
 .bss           0x00000000c0007628        0x0 build/memory.o
 .bss           0x00000000c0007628        0x0 build/bitmap.o
 .bss           0x00000000c0007628        0x6 build/thread.o
 .bss           0x00000000c000762e        0x0 build/list.o
 .bss           0x00000000c000762e        0x0 build/syscall.o
 .bss           0x00000000c000762e        0x0 build/syscall-init.o
 .bss           0x00000000c000762e        0x0 build/timer.o
 *fill*         0x00000000c000762e        0x2 
 .bss           0x00000000c0007630       0x1c build/console.o
 .bss           0x00000000c000764c        0x0 build/sync.o
 .bss           0x00000000c000764c       0x14 build/keyboard.o
 .bss           0x00000000c0007660       0x6c build/tss.o
 .bss           0x00000000c00076cc        0x0 build/process.o
 .bss           0x00000000c00076cc        0x0 build/stdio.o
 *(COMMON)
 *fill*         0x00000000c00076cc       0x14 
 COMMON         0x00000000c00076e0      0x424 build/interrupt.o
                0x00000000c00076e0                intr_name
                0x00000000c0007900                idt_table
 *fill*         0x00000000c0007b04       0x1c 
 COMMON         0x00000000c0007b20       0x6c build/memory.o
                0x00000000c0007b20                user_pool
                0x00000000c0007b4c                kernel_vaddr
                0x00000000c0007b60                kernel_pool
 COMMON         0x00000000c0007b8c       0x40 build/thread.o
                0x00000000c0007b8c                thread_ready_list
                0x00000000c0007b9c                thread_all_list
                0x00000000c0007bac                main_thread
                0x00000000c0007bb0                pid_lock
 *fill*         0x00000000c0007bcc       0x14 
 COMMON         0x00000000c0007be0       0x80 build/syscall-init.o
                0x00000000c0007be0                syscall_table
 COMMON         0x00000000c0007c60        0x4 build/timer.o
                0x00000000c0007c60                ticks
                0x00000000c0007c64                . = ALIGN ((. != 0x0)?0x4:0x1)
                0x00000000c0007c64                . = ALIGN (0x4)
                0x00000000c0007c64                . = SEGMENT_START ("ldata-segment", .)
                0x00000000c0007c64                . = ALIGN (0x4)
                0x00000000c0007c64                _end = .
                [!provide]                        PROVIDE (end, .)
                0x00000000c0007c64                . = DATA_SEGMENT_END (.)

.stab
 *(.stab)

.stabstr
 *(.stabstr)

.stab.excl
 *(.stab.excl)

.stab.exclstr
 *(.stab.exclstr)

.stab.index
 *(.stab.index)

.stab.indexstr
 *(.stab.indexstr)

.comment        0x0000000000000000       0x35
 *(.comment)
 .comment       0x0000000000000000       0x35 build/main.o
                                         0x36 (size before relaxing)
 .comment       0x0000000000000035       0x36 build/init.o
 .comment       0x0000000000000035       0x36 build/interrupt.o
 .comment       0x0000000000000035       0x36 build/io.o
 .comment       0x0000000000000035       0x36 build/debug.o
 .comment       0x0000000000000035       0x36 build/string.o
 .comment       0x0000000000000035       0x36 build/memory.o
 .comment       0x0000000000000035       0x36 build/bitmap.o
 .comment       0x0000000000000035       0x36 build/thread.o
 .comment       0x0000000000000035       0x36 build/list.o
 .comment       0x0000000000000035       0x36 build/syscall.o
 .comment       0x0000000000000035       0x36 build/syscall-init.o
 .comment       0x0000000000000035       0x36 build/timer.o
 .comment       0x0000000000000035       0x36 build/console.o
 .comment       0x0000000000000035       0x36 build/sync.o
 .comment       0x0000000000000035       0x36 build/keyboard.o
 .comment       0x0000000000000035       0x36 build/tss.o
 .comment       0x0000000000000035       0x36 build/process.o
 .comment       0x0000000000000035       0x36 build/stdio.o

.debug
 *(.debug)

.line
 *(.line)

.debug_srcinfo
 *(.debug_srcinfo)

.debug_sfnames
 *(.debug_sfnames)

.debug_aranges
 *(.debug_aranges)

.debug_pubnames
 *(.debug_pubnames)

.debug_info
 *(.debug_info .gnu.linkonce.wi.*)

.debug_abbrev
 *(.debug_abbrev)

.debug_line
 *(.debug_line .debug_line.* .debug_line_end)

.debug_frame
 *(.debug_frame)

.debug_str
 *(.debug_str)

.debug_loc
 *(.debug_loc)

.debug_macinfo
 *(.debug_macinfo)

.debug_weaknames
 *(.debug_weaknames)

.debug_funcnames
 *(.debug_funcnames)

.debug_typenames
 *(.debug_typenames)

.debug_varnames
 *(.debug_varnames)

.debug_pubtypes
 *(.debug_pubtypes)

.debug_ranges
 *(.debug_ranges)

.debug_macro
 *(.debug_macro)

.gnu.attributes
 *(.gnu.attributes)

/DISCARD/
 *(.note.GNU-stack)
 *(.gnu_debuglink)
 *(.gnu.lto_*)
OUTPUT(build/kernel.bin elf32-i386)
