
Allocating common symbols
Common symbol       size              file

user_pool           0x10              build/memory.o
intr_name           0x84              build/interrupt.o
kernel_vaddr        0xc               build/memory.o
idt_table           0x84              build/interrupt.o
kernel_pool         0x10              build/memory.o

Discarded input sections

 .note.GNU-stack
                0x0000000000000000        0x0 build/main.o
 .note.GNU-stack
                0x0000000000000000        0x0 build/init.o
 .note.GNU-stack
                0x0000000000000000        0x0 build/interrupt.o
 .note.GNU-stack
                0x0000000000000000        0x0 build/io.o
 .note.GNU-stack
                0x0000000000000000        0x0 build/debug.o
 .note.GNU-stack
                0x0000000000000000        0x0 build/string.o
 .note.GNU-stack
                0x0000000000000000        0x0 build/memory.o
 .note.GNU-stack
                0x0000000000000000        0x0 build/bitmap.o
 .note.GNU-stack
                0x0000000000000000        0x0 build/thread.o
 .note.GNU-stack
                0x0000000000000000        0x0 build/list.o

Memory Configuration

Name             Origin             Length             Attributes
*default*        0x0000000000000000 0xffffffffffffffff

Linker script and memory map

Address of section .text set to 0xc0001500
LOAD build/main.o
LOAD build/kernel.o
LOAD build/init.o
LOAD build/print.o
LOAD build/interrupt.o
LOAD build/io.o
LOAD build/debug.o
LOAD build/string.o
LOAD build/memory.o
LOAD build/bitmap.o
LOAD build/thread.o
LOAD build/list.o
                [!provide]                        PROVIDE (__executable_start, 0x8048000)
                0x0000000008048094                . = (0x8048000 + SIZEOF_HEADERS)

.interp
 *(.interp)

.note.gnu.build-id
 *(.note.gnu.build-id)

.hash
 *(.hash)

.gnu.hash
 *(.gnu.hash)

.dynsym
 *(.dynsym)

.dynstr
 *(.dynstr)

.gnu.version
 *(.gnu.version)

.gnu.version_d
 *(.gnu.version_d)

.gnu.version_r
 *(.gnu.version_r)

.rel.dyn        0x0000000008048094        0x0
 *(.rel.init)
 *(.rel.text .rel.text.* .rel.gnu.linkonce.t.*)
 .rel.text      0x0000000008048094        0x0 build/main.o
 *(.rel.fini)
 *(.rel.rodata .rel.rodata.* .rel.gnu.linkonce.r.*)
 *(.rel.data.rel.ro .rel.data.rel.ro.* .rel.gnu.linkonce.d.rel.ro.*)
 *(.rel.data .rel.data.* .rel.gnu.linkonce.d.*)
 *(.rel.tdata .rel.tdata.* .rel.gnu.linkonce.td.*)
 *(.rel.tbss .rel.tbss.* .rel.gnu.linkonce.tb.*)
 *(.rel.ctors)
 *(.rel.dtors)
 *(.rel.got)
 *(.rel.bss .rel.bss.* .rel.gnu.linkonce.b.*)
 *(.rel.ifunc)

.rel.plt        0x0000000008048094        0x0
 *(.rel.plt)
                [!provide]                        PROVIDE (__rel_iplt_start, .)
 *(.rel.iplt)
 .rel.iplt      0x0000000008048094        0x0 build/main.o
                [!provide]                        PROVIDE (__rel_iplt_end, .)

.init
 *(SORT(.init))

.plt            0x00000000080480a0        0x0
 *(.plt)
 *(.iplt)
 .iplt          0x00000000080480a0        0x0 build/main.o

.plt.got
 *(.plt.got)

.text           0x00000000c0001500     0x194b
 *(.text.unlikely .text.*_unlikely .text.unlikely.*)
 *(.text.exit .text.exit.*)
 *(.text.startup .text.startup.*)
 *(.text.hot .text.hot.*)
 *(.text .stub .text.* .gnu.linkonce.t.*)
 .text          0x00000000c0001500       0x62 build/main.o
                0x00000000c0001500                main
                0x00000000c0001546                kthread_a
 *fill*         0x00000000c0001562        0xe 
 .text          0x00000000c0001570      0x3bc build/kernel.o
                0x00000000c0001570                intr_exit
                0x00000000c000190d                lodidt
 .text          0x00000000c000192c       0x23 build/init.o
                0x00000000c000192c                init_all
 *fill*         0x00000000c000194f        0x1 
 .text          0x00000000c0001950      0x14e build/print.o
                0x00000000c0001950                put_char
                0x00000000c0001a1d                put_str
                0x00000000c0001a3b                put_int
 .text          0x00000000c0001a9e      0x381 build/interrupt.o
                0x00000000c0001d3d                idt_init
                0x00000000c0001d8b                intr_enable
                0x00000000c0001db4                intr_disable
                0x00000000c0001ddd                intr_set_status
                0x00000000c0001dfb                intr_get_status
 .text          0x00000000c0001e1f       0xa6 build/io.o
                0x00000000c0001e1f                outb
                0x00000000c0001e3e                outsw
                0x00000000c0001e73                inb
                0x00000000c0001e90                insw
 .text          0x00000000c0001ec5       0xd6 build/debug.o
                0x00000000c0001ec5                panic_spin
 .text          0x00000000c0001f9b      0x3d0 build/string.o
                0x00000000c0001f9b                memset
                0x00000000c0001fed                memcpy
                0x00000000c000204d                memcmp
                0x00000000c00020d0                strcpy
                0x00000000c0002125                strlen
                0x00000000c0002170                strcmp
                0x00000000c00021e9                strchr
                0x00000000c0002241                strrchr
                0x00000000c000229f                strcat
                0x00000000c0002309                strchrs
 .text          0x00000000c000236b      0x564 build/memory.o
                0x00000000c00023ed                pte_ptr
                0x00000000c000241d                pde_ptr
                0x00000000c0002587                malloc_page
                0x00000000c0002646                get_kernel_pages
                0x00000000c000288e                mem_init
 .text          0x00000000c00028cf      0x24d build/bitmap.o
                0x00000000c00028cf                bitmap_init
                0x00000000c00028f2                bitmap_scan_test
                0x00000000c0002932                bitmap_scan
                0x00000000c0002a6b                bitmap_set
 .text          0x00000000c0002b1c      0x13e build/thread.o
                0x00000000c0002b33                thread_creat
                0x00000000c0002baa                init_thread
                0x00000000c0002c0b                thread_start
 .text          0x00000000c0002c5a      0x1f1 build/list.o
                0x00000000c0002c5a                list_init
                0x00000000c0002c88                list_insert_before
                0x00000000c0002ccd                list_push
                0x00000000c0002ceb                list_append
                0x00000000c0002d09                list_remove
                0x00000000c0002d43                list_pop
                0x00000000c0002d65                elem_find
                0x00000000c0002da0                list_traversal
                0x00000000c0002dfd                list_len
                0x00000000c0002e32                list_empty
 *(.gnu.warning)

.fini
 *(SORT(.fini))
                [!provide]                        PROVIDE (__etext, .)
                [!provide]                        PROVIDE (_etext, .)
                [!provide]                        PROVIDE (etext, .)

.rodata         0x00000000c0002e4c      0x53f
 *(.rodata .rodata.* .gnu.linkonce.r.*)
 .rodata        0x00000000c0002e4c       0x1f build/main.o
 .rodata        0x00000000c0002e6b        0xc build/init.o
 *fill*         0x00000000c0002e77        0x1 
 .rodata        0x00000000c0002e78      0x25d build/interrupt.o
 .rodata        0x00000000c00030d5       0x3f build/debug.o
 .rodata        0x00000000c0003114       0xc4 build/string.o
 .rodata        0x00000000c00031d8      0x148 build/memory.o
 .rodata        0x00000000c0003320       0x6b build/bitmap.o

.rodata1
 *(.rodata1)

.eh_frame_hdr
 *(.eh_frame_hdr)
 *(.eh_frame_entry .eh_frame_entry.*)

.eh_frame       0x00000000c000338c      0x714
 *(.eh_frame)
 .eh_frame      0x00000000c000338c       0x58 build/main.o
 .eh_frame      0x00000000c00033e4       0x20 build/init.o
                                         0x38 (size before relaxing)
 .eh_frame      0x00000000c0003404      0x140 build/interrupt.o
                                        0x158 (size before relaxing)
 .eh_frame      0x00000000c0003544       0x90 build/io.o
                                         0xa8 (size before relaxing)
 .eh_frame      0x00000000c00035d4       0x1c build/debug.o
                                         0x34 (size before relaxing)
 .eh_frame      0x00000000c00035f0      0x140 build/string.o
                                        0x158 (size before relaxing)
 .eh_frame      0x00000000c0003730      0x120 build/memory.o
                                        0x138 (size before relaxing)
 .eh_frame      0x00000000c0003850       0x90 build/bitmap.o
                                         0xa8 (size before relaxing)
 .eh_frame      0x00000000c00038e0       0x80 build/thread.o
                                         0x98 (size before relaxing)
 .eh_frame      0x00000000c0003960      0x140 build/list.o
                                        0x158 (size before relaxing)
 *(.eh_frame.*)

.gcc_except_table
 *(.gcc_except_table .gcc_except_table.*)

.gnu_extab
 *(.gnu_extab*)

.exception_ranges
 *(.exception_ranges .exception_ranges*)
                0x00000000c0004aa0                . = DATA_SEGMENT_ALIGN (0x1000, 0x1000)

.eh_frame
 *(.eh_frame)
 *(.eh_frame.*)

.gnu_extab
 *(.gnu_extab)

.gcc_except_table
 *(.gcc_except_table .gcc_except_table.*)

.exception_ranges
 *(.exception_ranges .exception_ranges*)

.tdata
 *(.tdata .tdata.* .gnu.linkonce.td.*)

.tbss
 *(.tbss .tbss.* .gnu.linkonce.tb.*)
 *(.tcommon)

.preinit_array  0x00000000c0004aa0        0x0
                [!provide]                        PROVIDE (__preinit_array_start, .)
 *(.preinit_array)
                [!provide]                        PROVIDE (__preinit_array_end, .)

.init_array     0x00000000c0004aa0        0x0
                [!provide]                        PROVIDE (__init_array_start, .)
 *(SORT(.init_array.*) SORT(.ctors.*))
 *(.init_array EXCLUDE_FILE(*crtend?.o *crtend.o *crtbegin?.o *crtbegin.o) .ctors)
                [!provide]                        PROVIDE (__init_array_end, .)

.fini_array     0x00000000c0004aa0        0x0
                [!provide]                        PROVIDE (__fini_array_start, .)
 *(SORT(.fini_array.*) SORT(.dtors.*))
 *(.fini_array EXCLUDE_FILE(*crtend?.o *crtend.o *crtbegin?.o *crtbegin.o) .dtors)
                [!provide]                        PROVIDE (__fini_array_end, .)

.ctors
 *crtbegin.o(.ctors)
 *crtbegin?.o(.ctors)
 *(EXCLUDE_FILE(*crtend?.o *crtend.o) .ctors)
 *(SORT(.ctors.*))
 *(.ctors)

.dtors
 *crtbegin.o(.dtors)
 *crtbegin?.o(.dtors)
 *(EXCLUDE_FILE(*crtend?.o *crtend.o) .dtors)
 *(SORT(.dtors.*))
 *(.dtors)

.jcr
 *(.jcr)

.data.rel.ro
 *(.data.rel.ro.local* .gnu.linkonce.d.rel.ro.local.*)
 *(.data.rel.ro .data.rel.ro.* .gnu.linkonce.d.rel.ro.*)

.dynamic
 *(.dynamic)

.got
 *(.got)
 *(.igot)
                0x00000000c0004aa0                . = DATA_SEGMENT_RELRO_END (., (SIZEOF (.got.plt) >= 0xc)?0xc:0x0)

.got.plt        0x00000000c0004aa0        0x0
 *(.got.plt)
 *(.igot.plt)
 .igot.plt      0x00000000c0004aa0        0x0 build/main.o

.data           0x00000000c0004aa0       0xa4
 *(.data .data.* .gnu.linkonce.d.*)
 .data          0x00000000c0004aa0        0x0 build/main.o
 .data          0x00000000c0004aa0       0x99 build/kernel.o
                0x00000000c0004ab5                intr_entry_table
 .data          0x00000000c0004b39        0x0 build/init.o
 *fill*         0x00000000c0004b39        0x3 
 .data          0x00000000c0004b3c        0x8 build/print.o
 .data          0x00000000c0004b44        0x0 build/interrupt.o
 .data          0x00000000c0004b44        0x0 build/io.o
 .data          0x00000000c0004b44        0x0 build/debug.o
 .data          0x00000000c0004b44        0x0 build/string.o
 .data          0x00000000c0004b44        0x0 build/memory.o
 .data          0x00000000c0004b44        0x0 build/bitmap.o
 .data          0x00000000c0004b44        0x0 build/thread.o
 .data          0x00000000c0004b44        0x0 build/list.o

.data1
 *(.data1)
                0x00000000c0004b44                _edata = .
                [!provide]                        PROVIDE (edata, .)
                0x00000000c0004b44                . = .
                0x00000000c0004b44                __bss_start = .

.bss            0x00000000c0004b60      0x270
 *(.dynbss)
 *(.bss .bss.* .gnu.linkonce.b.*)
 .bss           0x00000000c0004b60        0x0 build/main.o
 .bss           0x00000000c0004b60        0x0 build/init.o
 .bss           0x00000000c0004b60      0x108 build/interrupt.o
 .bss           0x00000000c0004c68        0x0 build/io.o
 .bss           0x00000000c0004c68        0x0 build/debug.o
 .bss           0x00000000c0004c68        0x0 build/string.o
 .bss           0x00000000c0004c68        0x0 build/memory.o
 .bss           0x00000000c0004c68        0x0 build/bitmap.o
 .bss           0x00000000c0004c68        0x0 build/thread.o
 .bss           0x00000000c0004c68        0x0 build/list.o
 *(COMMON)
 *fill*         0x00000000c0004c68       0x18 
 COMMON         0x00000000c0004c80      0x124 build/interrupt.o
                0x00000000c0004c80                intr_name
                0x00000000c0004d20                idt_table
 COMMON         0x00000000c0004da4       0x2c build/memory.o
                0x00000000c0004da4                user_pool
                0x00000000c0004db4                kernel_vaddr
                0x00000000c0004dc0                kernel_pool
                0x00000000c0004dd0                . = ALIGN ((. != 0x0)?0x4:0x1)
                0x00000000c0004dd0                . = ALIGN (0x4)
                0x00000000c0004dd0                . = SEGMENT_START ("ldata-segment", .)
                0x00000000c0004dd0                . = ALIGN (0x4)
                0x00000000c0004dd0                _end = .
                [!provide]                        PROVIDE (end, .)
                0x00000000c0004dd0                . = DATA_SEGMENT_END (.)

.stab
 *(.stab)

.stabstr
 *(.stabstr)

.stab.excl
 *(.stab.excl)

.stab.exclstr
 *(.stab.exclstr)

.stab.index
 *(.stab.index)

.stab.indexstr
 *(.stab.indexstr)

.comment        0x0000000000000000       0x35
 *(.comment)
 .comment       0x0000000000000000       0x35 build/main.o
                                         0x36 (size before relaxing)
 .comment       0x0000000000000035       0x36 build/init.o
 .comment       0x0000000000000035       0x36 build/interrupt.o
 .comment       0x0000000000000035       0x36 build/io.o
 .comment       0x0000000000000035       0x36 build/debug.o
 .comment       0x0000000000000035       0x36 build/string.o
 .comment       0x0000000000000035       0x36 build/memory.o
 .comment       0x0000000000000035       0x36 build/bitmap.o
 .comment       0x0000000000000035       0x36 build/thread.o
 .comment       0x0000000000000035       0x36 build/list.o

.debug
 *(.debug)

.line
 *(.line)

.debug_srcinfo
 *(.debug_srcinfo)

.debug_sfnames
 *(.debug_sfnames)

.debug_aranges
 *(.debug_aranges)

.debug_pubnames
 *(.debug_pubnames)

.debug_info
 *(.debug_info .gnu.linkonce.wi.*)

.debug_abbrev
 *(.debug_abbrev)

.debug_line
 *(.debug_line .debug_line.* .debug_line_end)

.debug_frame
 *(.debug_frame)

.debug_str
 *(.debug_str)

.debug_loc
 *(.debug_loc)

.debug_macinfo
 *(.debug_macinfo)

.debug_weaknames
 *(.debug_weaknames)

.debug_funcnames
 *(.debug_funcnames)

.debug_typenames
 *(.debug_typenames)

.debug_varnames
 *(.debug_varnames)

.debug_pubtypes
 *(.debug_pubtypes)

.debug_ranges
 *(.debug_ranges)

.debug_macro
 *(.debug_macro)

.gnu.attributes
 *(.gnu.attributes)

/DISCARD/
 *(.note.GNU-stack)
 *(.gnu_debuglink)
 *(.gnu.lto_*)
OUTPUT(build/kernel.bin elf32-i386)
