
Allocating common symbols
Common symbol       size              file

thread_ready_list   0x10              build/thread.o
thread_all_list     0x10              build/thread.o
user_pool           0x2c              build/memory.o
k_block_descs       0xa8              build/memory.o
intr_name           0x204             build/interrupt.o
main_thread         0x4               build/thread.o
ticks               0x4               build/timer.o
kernel_vaddr        0xc               build/memory.o
syscall_table       0x80              build/syscall-init.o
idt_table           0x204             build/interrupt.o
kernel_pool         0x2c              build/memory.o
pid_lock            0x1c              build/thread.o

Discarded input sections

 .note.GNU-stack
                0x0000000000000000        0x0 build/main.o
 .note.GNU-stack
                0x0000000000000000        0x0 build/init.o
 .note.GNU-stack
                0x0000000000000000        0x0 build/interrupt.o
 .note.GNU-stack
                0x0000000000000000        0x0 build/io.o
 .note.GNU-stack
                0x0000000000000000        0x0 build/debug.o
 .note.GNU-stack
                0x0000000000000000        0x0 build/string.o
 .note.GNU-stack
                0x0000000000000000        0x0 build/memory.o
 .note.GNU-stack
                0x0000000000000000        0x0 build/bitmap.o
 .note.GNU-stack
                0x0000000000000000        0x0 build/thread.o
 .note.GNU-stack
                0x0000000000000000        0x0 build/list.o
 .note.GNU-stack
                0x0000000000000000        0x0 build/syscall.o
 .note.GNU-stack
                0x0000000000000000        0x0 build/syscall-init.o
 .note.GNU-stack
                0x0000000000000000        0x0 build/timer.o
 .note.GNU-stack
                0x0000000000000000        0x0 build/console.o
 .note.GNU-stack
                0x0000000000000000        0x0 build/sync.o
 .note.GNU-stack
                0x0000000000000000        0x0 build/keyboard.o
 .note.GNU-stack
                0x0000000000000000        0x0 build/tss.o
 .note.GNU-stack
                0x0000000000000000        0x0 build/process.o
 .note.GNU-stack
                0x0000000000000000        0x0 build/stdio.o

Memory Configuration

Name             Origin             Length             Attributes
*default*        0x0000000000000000 0xffffffffffffffff

Linker script and memory map

Address of section .text set to 0xc0001500
LOAD build/main.o
LOAD build/kernel.o
LOAD build/init.o
LOAD build/print.o
LOAD build/interrupt.o
LOAD build/io.o
LOAD build/debug.o
LOAD build/string.o
LOAD build/memory.o
LOAD build/bitmap.o
LOAD build/thread.o
LOAD build/list.o
LOAD build/syscall.o
LOAD build/syscall-init.o
LOAD build/timer.o
LOAD build/switch.o
LOAD build/console.o
LOAD build/sync.o
LOAD build/keyboard.o
LOAD build/tss.o
LOAD build/process.o
LOAD build/stdio.o
                [!provide]                        PROVIDE (__executable_start, 0x8048000)
                0x0000000008048094                . = (0x8048000 + SIZEOF_HEADERS)

.interp
 *(.interp)

.note.gnu.build-id
 *(.note.gnu.build-id)

.hash
 *(.hash)

.gnu.hash
 *(.gnu.hash)

.dynsym
 *(.dynsym)

.dynstr
 *(.dynstr)

.gnu.version
 *(.gnu.version)

.gnu.version_d
 *(.gnu.version_d)

.gnu.version_r
 *(.gnu.version_r)

.rel.dyn        0x0000000008048094        0x0
 *(.rel.init)
 *(.rel.text .rel.text.* .rel.gnu.linkonce.t.*)
 .rel.text      0x0000000008048094        0x0 build/main.o
 *(.rel.fini)
 *(.rel.rodata .rel.rodata.* .rel.gnu.linkonce.r.*)
 *(.rel.data.rel.ro .rel.data.rel.ro.* .rel.gnu.linkonce.d.rel.ro.*)
 *(.rel.data .rel.data.* .rel.gnu.linkonce.d.*)
 *(.rel.tdata .rel.tdata.* .rel.gnu.linkonce.td.*)
 *(.rel.tbss .rel.tbss.* .rel.gnu.linkonce.tb.*)
 *(.rel.ctors)
 *(.rel.dtors)
 *(.rel.got)
 *(.rel.bss .rel.bss.* .rel.gnu.linkonce.b.*)
 *(.rel.ifunc)

.rel.plt        0x0000000008048094        0x0
 *(.rel.plt)
                [!provide]                        PROVIDE (__rel_iplt_start, .)
 *(.rel.iplt)
 .rel.iplt      0x0000000008048094        0x0 build/main.o
                [!provide]                        PROVIDE (__rel_iplt_end, .)

.init
 *(SORT(.init))

.plt            0x00000000080480a0        0x0
 *(.plt)
 *(.iplt)
 .iplt          0x00000000080480a0        0x0 build/main.o

.plt.got
 *(.plt.got)

.text           0x00000000c0001500     0x3ef8
 *(.text.unlikely .text.*_unlikely .text.unlikely.*)
 *(.text.exit .text.exit.*)
 *(.text.startup .text.startup.*)
 *(.text.hot .text.hot.*)
 *(.text .stub .text.* .gnu.linkonce.t.*)
 .text          0x00000000c0001500      0x4bb build/main.o
                0x00000000c0001500                main
                0x00000000c00015b7                k_thread_a
                0x00000000c0001707                k_thread_b
                0x00000000c000196b                u_prog_a
                0x00000000c0001993                u_prog_b
 *fill*         0x00000000c00019bb        0x5 
 .text          0x00000000c00019c0      0x584 build/kernel.o
                0x00000000c00019c0                intr_exit
                0x00000000c0001f01                lodidt
                0x00000000c0001f20                syscall_handler
 .text          0x00000000c0001f44       0x41 build/init.o
                0x00000000c0001f44                init_all
 *fill*         0x00000000c0001f85        0xb 
 .text          0x00000000c0001f90      0x14e build/print.o
                0x00000000c0001f90                put_char
                0x00000000c000205d                put_str
                0x00000000c000207b                put_int
 .text          0x00000000c00020de      0x3c9 build/interrupt.o
                0x00000000c00023a8                register_handler
                0x00000000c00023c5                idt_init
                0x00000000c0002413                intr_enable
                0x00000000c000243c                intr_disable
                0x00000000c0002465                intr_set_status
                0x00000000c0002483                intr_get_status
 .text          0x00000000c00024a7       0xa6 build/io.o
                0x00000000c00024a7                outb
                0x00000000c00024c6                outsw
                0x00000000c00024fb                inb
                0x00000000c0002518                insw
 .text          0x00000000c000254d       0xd6 build/debug.o
                0x00000000c000254d                panic_spin
 .text          0x00000000c0002623      0x3d0 build/string.o
                0x00000000c0002623                memset
                0x00000000c0002675                memcpy
                0x00000000c00026d5                memcmp
                0x00000000c0002758                strcpy
                0x00000000c00027ad                strlen
                0x00000000c00027f8                strcmp
                0x00000000c0002871                strchr
                0x00000000c00028c9                strrchr
                0x00000000c0002927                strcat
                0x00000000c0002991                strchrs
 .text          0x00000000c00029f3     0x10db build/memory.o
                0x00000000c0002b09                pte_ptr
                0x00000000c0002b39                pde_ptr
                0x00000000c0002ca3                malloc_page
                0x00000000c0002d62                get_kernel_pages
                0x00000000c0002d9d                get_user_pages
                0x00000000c0002df8                get_a_page
                0x00000000c0002f56                addr_v2p
                0x00000000c00031af                block_desc_init
                0x00000000c0003269                sys_malloc
                0x00000000c000359e                pfree
                0x00000000c00036d5                mfree_page
                0x00000000c0003896                sys_free
                0x00000000c0003a7d                mem_init
 .text          0x00000000c0003ace      0x24d build/bitmap.o
                0x00000000c0003ace                bitmap_init
                0x00000000c0003af1                bitmap_scan_test
                0x00000000c0003b31                bitmap_scan
                0x00000000c0003c6a                bitmap_set
 .text          0x00000000c0003d1b      0x5bb build/thread.o
                0x00000000c0003d1b                running_thread
                0x00000000c0003d8b                thread_creat
                0x00000000c0003e02                init_thread
                0x00000000c0003ea9                thread_start
                0x00000000c0003f82                schedule
                0x00000000c00040a1                thread_block
                0x00000000c0004101                thread_unblock
                0x00000000c0004278                thread_init
 .text          0x00000000c00042d6      0x1f1 build/list.o
                0x00000000c00042d6                list_init
                0x00000000c0004304                list_insert_before
                0x00000000c0004349                list_push
                0x00000000c0004367                list_append
                0x00000000c0004385                list_remove
                0x00000000c00043bf                list_pop
                0x00000000c00043e1                elem_find
                0x00000000c000441c                list_traversal
                0x00000000c0004479                list_len
                0x00000000c00044ae                list_empty
 .text          0x00000000c00044c7       0x34 build/syscall.o
                0x00000000c00044c7                getpid
                0x00000000c00044dc                write
 .text          0x00000000c00044fb       0x73 build/syscall-init.o
                0x00000000c00044fb                sys_getpid
                0x00000000c000450d                sys_write
                0x00000000c0004531                syscall_init
 .text          0x00000000c000456e       0xb3 build/timer.o
                0x00000000c00045e6                timer_init
 *fill*         0x00000000c0004621        0xf 
 .text          0x00000000c0004630       0x15 build/switch.o
                0x00000000c0004630                switch_to
 .text          0x00000000c0004645       0xb6 build/console.o
                0x00000000c0004645                console_init
                0x00000000c000465e                console_acquire
                0x00000000c0004677                console_release
                0x00000000c0004690                console_put_str
                0x00000000c00046b1                console_put_char
                0x00000000c00046da                console_put_int
 .text          0x00000000c00046fb      0x313 build/sync.o
                0x00000000c00046fb                sema_init
                0x00000000c0004725                lock_init
                0x00000000c0004755                sema_down
                0x00000000c0004850                sema_up
                0x00000000c00048ff                lock_acquire
                0x00000000c0004976                lock_release
 .text          0x00000000c0004a0e      0x297 build/keyboard.o
                0x00000000c0004c6a                keyboard_init
 .text          0x00000000c0004ca5      0x18c build/tss.o
                0x00000000c0004ca5                update_tss_esp
                0x00000000c0004d27                tss_init
 .text          0x00000000c0004e31      0x370 build/process.o
                0x00000000c0004e31                start_process
                0x00000000c0004f36                page_dir_activate
                0x00000000c0004f6b                process_activate
                0x00000000c0004fb9                create_page_dir
                0x00000000c000502a                create_user_vaddr_bitmap
                0x00000000c0005076                process_execute
 .text          0x00000000c00051a1      0x257 build/stdio.o
                0x00000000c0005220                vsprintf
                0x00000000c000539d                printf
 *(.gnu.warning)

.fini
 *(SORT(.fini))
                [!provide]                        PROVIDE (__etext, .)
                [!provide]                        PROVIDE (_etext, .)
                [!provide]                        PROVIDE (etext, .)

.rodata         0x00000000c00053f8      0xe08
 *(.rodata .rodata.* .gnu.linkonce.r.*)
 .rodata        0x00000000c00053f8       0xbd build/main.o
 .rodata        0x00000000c00054b5        0xc build/init.o
 *fill*         0x00000000c00054c1        0x3 
 .rodata        0x00000000c00054c4      0x25d build/interrupt.o
 .rodata        0x00000000c0005721       0x3f build/debug.o
 .rodata        0x00000000c0005760       0xc4 build/string.o
 .rodata        0x00000000c0005824      0x3d1 build/memory.o
 *fill*         0x00000000c0005bf5        0x3 
 .rodata        0x00000000c0005bf8       0x6b build/bitmap.o
 *fill*         0x00000000c0005c63        0x1 
 .rodata        0x00000000c0005c64      0x2c9 build/thread.o
 .rodata        0x00000000c0005f2d       0x27 build/syscall-init.o
 .rodata        0x00000000c0005f54       0x6f build/timer.o
 *fill*         0x00000000c0005fc3        0x1 
 .rodata        0x00000000c0005fc4      0x105 build/sync.o
 .rodata        0x00000000c00060c9       0x38 build/keyboard.o
 .rodata        0x00000000c0006101       0x21 build/tss.o
 *fill*         0x00000000c0006122        0x2 
 .rodata        0x00000000c0006124       0xdc build/process.o

.rodata1
 *(.rodata1)

.eh_frame_hdr
 *(.eh_frame_hdr)
 *(.eh_frame_entry .eh_frame_entry.*)

.eh_frame       0x00000000c0006200      0xe1c
 *(.eh_frame)
 .eh_frame      0x00000000c0006200       0xac build/main.o
 .eh_frame      0x00000000c00062ac       0x20 build/init.o
                                         0x38 (size before relaxing)
 .eh_frame      0x00000000c00062cc      0x160 build/interrupt.o
                                        0x178 (size before relaxing)
 .eh_frame      0x00000000c000642c       0x90 build/io.o
                                         0xa8 (size before relaxing)
 .eh_frame      0x00000000c00064bc       0x1c build/debug.o
                                         0x34 (size before relaxing)
 .eh_frame      0x00000000c00064d8      0x140 build/string.o
                                        0x158 (size before relaxing)
 .eh_frame      0x00000000c0006618      0x2a0 build/memory.o
                                        0x2b8 (size before relaxing)
 .eh_frame      0x00000000c00068b8       0x90 build/bitmap.o
                                         0xa8 (size before relaxing)
 .eh_frame      0x00000000c0006948      0x160 build/thread.o
                                        0x178 (size before relaxing)
 .eh_frame      0x00000000c0006aa8      0x140 build/list.o
                                        0x158 (size before relaxing)
 .eh_frame      0x00000000c0006be8       0x44 build/syscall.o
                                         0x5c (size before relaxing)
 .eh_frame      0x00000000c0006c2c       0x60 build/syscall-init.o
                                         0x78 (size before relaxing)
 .eh_frame      0x00000000c0006c8c       0x40 build/timer.o
                                         0x58 (size before relaxing)
 .eh_frame      0x00000000c0006ccc       0xc0 build/console.o
                                         0xd8 (size before relaxing)
 .eh_frame      0x00000000c0006d8c       0xc8 build/sync.o
                                         0xe0 (size before relaxing)
 .eh_frame      0x00000000c0006e54       0x40 build/keyboard.o
                                         0x58 (size before relaxing)
 .eh_frame      0x00000000c0006e94       0x64 build/tss.o
                                         0x7c (size before relaxing)
 .eh_frame      0x00000000c0006ef8       0xc0 build/process.o
                                         0xd8 (size before relaxing)
 .eh_frame      0x00000000c0006fb8       0x64 build/stdio.o
                                         0x7c (size before relaxing)
 *(.eh_frame.*)

.gcc_except_table
 *(.gcc_except_table .gcc_except_table.*)

.gnu_extab
 *(.gnu_extab*)

.exception_ranges
 *(.exception_ranges .exception_ranges*)
                0x00000000c000801c                . = DATA_SEGMENT_ALIGN (0x1000, 0x1000)

.eh_frame
 *(.eh_frame)
 *(.eh_frame.*)

.gnu_extab
 *(.gnu_extab)

.gcc_except_table
 *(.gcc_except_table .gcc_except_table.*)

.exception_ranges
 *(.exception_ranges .exception_ranges*)

.tdata
 *(.tdata .tdata.* .gnu.linkonce.td.*)

.tbss
 *(.tbss .tbss.* .gnu.linkonce.tb.*)
 *(.tcommon)

.preinit_array  0x00000000c000801c        0x0
                [!provide]                        PROVIDE (__preinit_array_start, .)
 *(.preinit_array)
                [!provide]                        PROVIDE (__preinit_array_end, .)

.init_array     0x00000000c000801c        0x0
                [!provide]                        PROVIDE (__init_array_start, .)
 *(SORT(.init_array.*) SORT(.ctors.*))
 *(.init_array EXCLUDE_FILE(*crtend?.o *crtend.o *crtbegin?.o *crtbegin.o) .ctors)
                [!provide]                        PROVIDE (__init_array_end, .)

.fini_array     0x00000000c000801c        0x0
                [!provide]                        PROVIDE (__fini_array_start, .)
 *(SORT(.fini_array.*) SORT(.dtors.*))
 *(.fini_array EXCLUDE_FILE(*crtend?.o *crtend.o *crtbegin?.o *crtbegin.o) .dtors)
                [!provide]                        PROVIDE (__fini_array_end, .)

.ctors
 *crtbegin.o(.ctors)
 *crtbegin?.o(.ctors)
 *(EXCLUDE_FILE(*crtend?.o *crtend.o) .ctors)
 *(SORT(.ctors.*))
 *(.ctors)

.dtors
 *crtbegin.o(.dtors)
 *crtbegin?.o(.dtors)
 *(EXCLUDE_FILE(*crtend?.o *crtend.o) .dtors)
 *(SORT(.dtors.*))
 *(.dtors)

.jcr
 *(.jcr)

.data.rel.ro
 *(.data.rel.ro.local* .gnu.linkonce.d.rel.ro.local.*)
 *(.data.rel.ro .data.rel.ro.* .gnu.linkonce.d.rel.ro.*)

.dynamic
 *(.dynamic)

.got
 *(.got)
 *(.igot)
                0x00000000c000801c                . = DATA_SEGMENT_RELRO_END (., (SIZEOF (.got.plt) >= 0xc)?0xc:0x0)

.got.plt        0x00000000c000801c        0x0
 *(.got.plt)
 *(.igot.plt)
 .igot.plt      0x00000000c000801c        0x0 build/main.o

.data           0x00000000c0008020      0x156
 *(.data .data.* .gnu.linkonce.d.*)
 .data          0x00000000c0008020        0x0 build/main.o
 .data          0x00000000c0008020       0xd5 build/kernel.o
                0x00000000c0008035                intr_entry_table
 .data          0x00000000c00080f5        0x0 build/init.o
 *fill*         0x00000000c00080f5        0x3 
 .data          0x00000000c00080f8        0x8 build/print.o
 .data          0x00000000c0008100        0x0 build/interrupt.o
 .data          0x00000000c0008100        0x0 build/io.o
 .data          0x00000000c0008100        0x0 build/debug.o
 .data          0x00000000c0008100        0x0 build/string.o
 .data          0x00000000c0008100        0x0 build/memory.o
 .data          0x00000000c0008100        0x0 build/bitmap.o
 .data          0x00000000c0008100        0x0 build/thread.o
 .data          0x00000000c0008100        0x0 build/list.o
 .data          0x00000000c0008100        0x0 build/syscall.o
 .data          0x00000000c0008100        0x0 build/syscall-init.o
 .data          0x00000000c0008100        0x0 build/timer.o
 .data          0x00000000c0008100        0x0 build/console.o
 .data          0x00000000c0008100        0x0 build/sync.o
 .data          0x00000000c0008100       0x76 build/keyboard.o
 .data          0x00000000c0008176        0x0 build/tss.o
 .data          0x00000000c0008176        0x0 build/process.o
 .data          0x00000000c0008176        0x0 build/stdio.o

.data1
 *(.data1)
                0x00000000c0008176                _edata = .
                [!provide]                        PROVIDE (edata, .)
                0x00000000c0008176                . = .
                0x00000000c0008176                __bss_start = .

.bss            0x00000000c0008180      0xb04
 *(.dynbss)
 *(.bss .bss.* .gnu.linkonce.b.*)
 .bss           0x00000000c0008180        0x0 build/main.o
 .bss           0x00000000c0008180        0x0 build/init.o
 .bss           0x00000000c0008180      0x408 build/interrupt.o
 .bss           0x00000000c0008588        0x0 build/io.o
 .bss           0x00000000c0008588        0x0 build/debug.o
 .bss           0x00000000c0008588        0x0 build/string.o
 .bss           0x00000000c0008588        0x0 build/memory.o
 .bss           0x00000000c0008588        0x0 build/bitmap.o
 .bss           0x00000000c0008588        0x6 build/thread.o
 .bss           0x00000000c000858e        0x0 build/list.o
 .bss           0x00000000c000858e        0x0 build/syscall.o
 .bss           0x00000000c000858e        0x0 build/syscall-init.o
 .bss           0x00000000c000858e        0x0 build/timer.o
 *fill*         0x00000000c000858e        0x2 
 .bss           0x00000000c0008590       0x1c build/console.o
 .bss           0x00000000c00085ac        0x0 build/sync.o
 .bss           0x00000000c00085ac       0x14 build/keyboard.o
 .bss           0x00000000c00085c0       0x6c build/tss.o
 .bss           0x00000000c000862c        0x0 build/process.o
 .bss           0x00000000c000862c        0x0 build/stdio.o
 *(COMMON)
 *fill*         0x00000000c000862c       0x14 
 COMMON         0x00000000c0008640      0x424 build/interrupt.o
                0x00000000c0008640                intr_name
                0x00000000c0008860                idt_table
 *fill*         0x00000000c0008a64       0x1c 
 COMMON         0x00000000c0008a80      0x12c build/memory.o
                0x00000000c0008a80                user_pool
                0x00000000c0008ac0                k_block_descs
                0x00000000c0008b68                kernel_vaddr
                0x00000000c0008b80                kernel_pool
 COMMON         0x00000000c0008bac       0x40 build/thread.o
                0x00000000c0008bac                thread_ready_list
                0x00000000c0008bbc                thread_all_list
                0x00000000c0008bcc                main_thread
                0x00000000c0008bd0                pid_lock
 *fill*         0x00000000c0008bec       0x14 
 COMMON         0x00000000c0008c00       0x80 build/syscall-init.o
                0x00000000c0008c00                syscall_table
 COMMON         0x00000000c0008c80        0x4 build/timer.o
                0x00000000c0008c80                ticks
                0x00000000c0008c84                . = ALIGN ((. != 0x0)?0x4:0x1)
                0x00000000c0008c84                . = ALIGN (0x4)
                0x00000000c0008c84                . = SEGMENT_START ("ldata-segment", .)
                0x00000000c0008c84                . = ALIGN (0x4)
                0x00000000c0008c84                _end = .
                [!provide]                        PROVIDE (end, .)
                0x00000000c0008c84                . = DATA_SEGMENT_END (.)

.stab
 *(.stab)

.stabstr
 *(.stabstr)

.stab.excl
 *(.stab.excl)

.stab.exclstr
 *(.stab.exclstr)

.stab.index
 *(.stab.index)

.stab.indexstr
 *(.stab.indexstr)

.comment        0x0000000000000000       0x35
 *(.comment)
 .comment       0x0000000000000000       0x35 build/main.o
                                         0x36 (size before relaxing)
 .comment       0x0000000000000035       0x36 build/init.o
 .comment       0x0000000000000035       0x36 build/interrupt.o
 .comment       0x0000000000000035       0x36 build/io.o
 .comment       0x0000000000000035       0x36 build/debug.o
 .comment       0x0000000000000035       0x36 build/string.o
 .comment       0x0000000000000035       0x36 build/memory.o
 .comment       0x0000000000000035       0x36 build/bitmap.o
 .comment       0x0000000000000035       0x36 build/thread.o
 .comment       0x0000000000000035       0x36 build/list.o
 .comment       0x0000000000000035       0x36 build/syscall.o
 .comment       0x0000000000000035       0x36 build/syscall-init.o
 .comment       0x0000000000000035       0x36 build/timer.o
 .comment       0x0000000000000035       0x36 build/console.o
 .comment       0x0000000000000035       0x36 build/sync.o
 .comment       0x0000000000000035       0x36 build/keyboard.o
 .comment       0x0000000000000035       0x36 build/tss.o
 .comment       0x0000000000000035       0x36 build/process.o
 .comment       0x0000000000000035       0x36 build/stdio.o

.debug
 *(.debug)

.line
 *(.line)

.debug_srcinfo
 *(.debug_srcinfo)

.debug_sfnames
 *(.debug_sfnames)

.debug_aranges
 *(.debug_aranges)

.debug_pubnames
 *(.debug_pubnames)

.debug_info
 *(.debug_info .gnu.linkonce.wi.*)

.debug_abbrev
 *(.debug_abbrev)

.debug_line
 *(.debug_line .debug_line.* .debug_line_end)

.debug_frame
 *(.debug_frame)

.debug_str
 *(.debug_str)

.debug_loc
 *(.debug_loc)

.debug_macinfo
 *(.debug_macinfo)

.debug_weaknames
 *(.debug_weaknames)

.debug_funcnames
 *(.debug_funcnames)

.debug_typenames
 *(.debug_typenames)

.debug_varnames
 *(.debug_varnames)

.debug_pubtypes
 *(.debug_pubtypes)

.debug_ranges
 *(.debug_ranges)

.debug_macro
 *(.debug_macro)

.gnu.attributes
 *(.gnu.attributes)

/DISCARD/
 *(.note.GNU-stack)
 *(.gnu_debuglink)
 *(.gnu.lto_*)
OUTPUT(build/kernel.bin elf32-i386)
