
Allocating common symbols
Common symbol       size              file

thread_ready_list   0x10              build/thread.o
thread_all_list     0x10              build/thread.o
user_pool           0x10              build/memory.o
intr_name           0x84              build/interrupt.o
main_thread         0x4               build/thread.o
ticks               0x4               build/timer.o
kernel_vaddr        0xc               build/memory.o
idt_table           0x84              build/interrupt.o
kernel_pool         0x10              build/memory.o

Discarded input sections

 .note.GNU-stack
                0x0000000000000000        0x0 build/main.o
 .note.GNU-stack
                0x0000000000000000        0x0 build/init.o
 .note.GNU-stack
                0x0000000000000000        0x0 build/interrupt.o
 .note.GNU-stack
                0x0000000000000000        0x0 build/io.o
 .note.GNU-stack
                0x0000000000000000        0x0 build/debug.o
 .note.GNU-stack
                0x0000000000000000        0x0 build/string.o
 .note.GNU-stack
                0x0000000000000000        0x0 build/memory.o
 .note.GNU-stack
                0x0000000000000000        0x0 build/bitmap.o
 .note.GNU-stack
                0x0000000000000000        0x0 build/thread.o
 .note.GNU-stack
                0x0000000000000000        0x0 build/list.o
 .note.GNU-stack
                0x0000000000000000        0x0 build/timer.o
 .note.GNU-stack
                0x0000000000000000        0x0 build/console.o
 .note.GNU-stack
                0x0000000000000000        0x0 build/sync.o

Memory Configuration

Name             Origin             Length             Attributes
*default*        0x0000000000000000 0xffffffffffffffff

Linker script and memory map

Address of section .text set to 0xc0001500
LOAD build/main.o
LOAD build/kernel.o
LOAD build/init.o
LOAD build/print.o
LOAD build/interrupt.o
LOAD build/io.o
LOAD build/debug.o
LOAD build/string.o
LOAD build/memory.o
LOAD build/bitmap.o
LOAD build/thread.o
LOAD build/list.o
LOAD build/timer.o
LOAD build/switch.o
LOAD build/console.o
LOAD build/sync.o
                [!provide]                        PROVIDE (__executable_start, 0x8048000)
                0x0000000008048094                . = (0x8048000 + SIZEOF_HEADERS)

.interp
 *(.interp)

.note.gnu.build-id
 *(.note.gnu.build-id)

.hash
 *(.hash)

.gnu.hash
 *(.gnu.hash)

.dynsym
 *(.dynsym)

.dynstr
 *(.dynstr)

.gnu.version
 *(.gnu.version)

.gnu.version_d
 *(.gnu.version_d)

.gnu.version_r
 *(.gnu.version_r)

.rel.dyn        0x0000000008048094        0x0
 *(.rel.init)
 *(.rel.text .rel.text.* .rel.gnu.linkonce.t.*)
 .rel.text      0x0000000008048094        0x0 build/main.o
 *(.rel.fini)
 *(.rel.rodata .rel.rodata.* .rel.gnu.linkonce.r.*)
 *(.rel.data.rel.ro .rel.data.rel.ro.* .rel.gnu.linkonce.d.rel.ro.*)
 *(.rel.data .rel.data.* .rel.gnu.linkonce.d.*)
 *(.rel.tdata .rel.tdata.* .rel.gnu.linkonce.td.*)
 *(.rel.tbss .rel.tbss.* .rel.gnu.linkonce.tb.*)
 *(.rel.ctors)
 *(.rel.dtors)
 *(.rel.got)
 *(.rel.bss .rel.bss.* .rel.gnu.linkonce.b.*)
 *(.rel.ifunc)

.rel.plt        0x0000000008048094        0x0
 *(.rel.plt)
                [!provide]                        PROVIDE (__rel_iplt_start, .)
 *(.rel.iplt)
 .rel.iplt      0x0000000008048094        0x0 build/main.o
                [!provide]                        PROVIDE (__rel_iplt_end, .)

.init
 *(SORT(.init))

.plt            0x00000000080480a0        0x0
 *(.plt)
 *(.iplt)
 .iplt          0x00000000080480a0        0x0 build/main.o

.plt.got
 *(.plt.got)

.text           0x00000000c0001500     0x224e
 *(.text.unlikely .text.*_unlikely .text.unlikely.*)
 *(.text.exit .text.exit.*)
 *(.text.startup .text.startup.*)
 *(.text.hot .text.hot.*)
 *(.text .stub .text.* .gnu.linkonce.t.*)
 .text          0x00000000c0001500       0xa7 build/main.o
                0x00000000c0001500                main
                0x00000000c000156f                kthread_a
                0x00000000c000158b                kthread_b
 *fill*         0x00000000c00015a7        0x9 
 .text          0x00000000c00015b0      0x3bc build/kernel.o
                0x00000000c00015b0                intr_exit
                0x00000000c000194d                lodidt
 .text          0x00000000c000196c       0x32 build/init.o
                0x00000000c000196c                init_all
 *fill*         0x00000000c000199e        0x2 
 .text          0x00000000c00019a0      0x14e build/print.o
                0x00000000c00019a0                put_char
                0x00000000c0001a6d                put_str
                0x00000000c0001a8b                put_int
 .text          0x00000000c0001aee      0x39e build/interrupt.o
                0x00000000c0001d8d                register_handler
                0x00000000c0001daa                idt_init
                0x00000000c0001df8                intr_enable
                0x00000000c0001e21                intr_disable
                0x00000000c0001e4a                intr_set_status
                0x00000000c0001e68                intr_get_status
 .text          0x00000000c0001e8c       0xa6 build/io.o
                0x00000000c0001e8c                outb
                0x00000000c0001eab                outsw
                0x00000000c0001ee0                inb
                0x00000000c0001efd                insw
 .text          0x00000000c0001f32       0xd6 build/debug.o
                0x00000000c0001f32                panic_spin
 .text          0x00000000c0002008      0x3d0 build/string.o
                0x00000000c0002008                memset
                0x00000000c000205a                memcpy
                0x00000000c00020ba                memcmp
                0x00000000c000213d                strcpy
                0x00000000c0002192                strlen
                0x00000000c00021dd                strcmp
                0x00000000c0002256                strchr
                0x00000000c00022ae                strrchr
                0x00000000c000230c                strcat
                0x00000000c0002376                strchrs
 .text          0x00000000c00023d8      0x564 build/memory.o
                0x00000000c000245a                pte_ptr
                0x00000000c000248a                pde_ptr
                0x00000000c00025f4                malloc_page
                0x00000000c00026b3                get_kernel_pages
                0x00000000c00028fb                mem_init
 .text          0x00000000c000293c      0x24d build/bitmap.o
                0x00000000c000293c                bitmap_init
                0x00000000c000295f                bitmap_scan_test
                0x00000000c000299f                bitmap_scan
                0x00000000c0002ad8                bitmap_set
 .text          0x00000000c0002b89      0x544 build/thread.o
                0x00000000c0002b89                running_thread
                0x00000000c0002bba                thread_creat
                0x00000000c0002c31                init_thread
                0x00000000c0002cc7                thread_start
                0x00000000c0002da0                schedule
                0x00000000c0002eb1                thread_block
                0x00000000c0002f11                thread_unblock
                0x00000000c000307f                thread_init
 .text          0x00000000c00030cd      0x1f1 build/list.o
                0x00000000c00030cd                list_init
                0x00000000c00030fb                list_insert_before
                0x00000000c0003140                list_push
                0x00000000c000315e                list_append
                0x00000000c000317c                list_remove
                0x00000000c00031b6                list_pop
                0x00000000c00031d8                elem_find
                0x00000000c0003213                list_traversal
                0x00000000c0003270                list_len
                0x00000000c00032a5                list_empty
 .text          0x00000000c00032be       0xb0 build/timer.o
                0x00000000c0003333                timer_init
 *fill*         0x00000000c000336e        0x2 
 .text          0x00000000c0003370       0x15 build/switch.o
                0x00000000c0003370                switch_to
 .text          0x00000000c0003385       0xb6 build/console.o
                0x00000000c0003385                console_init
                0x00000000c000339e                console_acquire
                0x00000000c00033b7                console_release
                0x00000000c00033d0                console_put_str
                0x00000000c00033f1                console_put_char
                0x00000000c000341a                console_put_int
 .text          0x00000000c000343b      0x313 build/sync.o
                0x00000000c000343b                sema_init
                0x00000000c0003465                lock_init
                0x00000000c0003495                sema_down
                0x00000000c0003590                sema_up
                0x00000000c000363f                lock_acquire
                0x00000000c00036b6                lock_release
 *(.gnu.warning)

.fini
 *(SORT(.fini))
                [!provide]                        PROVIDE (__etext, .)
                [!provide]                        PROVIDE (_etext, .)
                [!provide]                        PROVIDE (etext, .)

.rodata         0x00000000c0003750      0x999
 *(.rodata .rodata.* .gnu.linkonce.r.*)
 .rodata        0x00000000c0003750       0x36 build/main.o
 .rodata        0x00000000c0003786        0xc build/init.o
 *fill*         0x00000000c0003792        0x2 
 .rodata        0x00000000c0003794      0x25d build/interrupt.o
 .rodata        0x00000000c00039f1       0x3f build/debug.o
 .rodata        0x00000000c0003a30       0xc4 build/string.o
 .rodata        0x00000000c0003af4      0x148 build/memory.o
 .rodata        0x00000000c0003c3c       0x6b build/bitmap.o
 *fill*         0x00000000c0003ca7        0x1 
 .rodata        0x00000000c0003ca8      0x2c9 build/thread.o
 *fill*         0x00000000c0003f71        0x3 
 .rodata        0x00000000c0003f74       0x6f build/timer.o
 *fill*         0x00000000c0003fe3        0x1 
 .rodata        0x00000000c0003fe4      0x105 build/sync.o

.rodata1
 *(.rodata1)

.eh_frame_hdr
 *(.eh_frame_hdr)
 *(.eh_frame_entry .eh_frame_entry.*)

.eh_frame       0x00000000c00040ec      0x9d8
 *(.eh_frame)
 .eh_frame      0x00000000c00040ec       0x74 build/main.o
 .eh_frame      0x00000000c0004160       0x20 build/init.o
                                         0x38 (size before relaxing)
 .eh_frame      0x00000000c0004180      0x160 build/interrupt.o
                                        0x178 (size before relaxing)
 .eh_frame      0x00000000c00042e0       0x90 build/io.o
                                         0xa8 (size before relaxing)
 .eh_frame      0x00000000c0004370       0x1c build/debug.o
                                         0x34 (size before relaxing)
 .eh_frame      0x00000000c000438c      0x140 build/string.o
                                        0x158 (size before relaxing)
 .eh_frame      0x00000000c00044cc      0x120 build/memory.o
                                        0x138 (size before relaxing)
 .eh_frame      0x00000000c00045ec       0x90 build/bitmap.o
                                         0xa8 (size before relaxing)
 .eh_frame      0x00000000c000467c      0x140 build/thread.o
                                        0x158 (size before relaxing)
 .eh_frame      0x00000000c00047bc      0x140 build/list.o
                                        0x158 (size before relaxing)
 .eh_frame      0x00000000c00048fc       0x40 build/timer.o
                                         0x58 (size before relaxing)
 .eh_frame      0x00000000c000493c       0xc0 build/console.o
                                         0xd8 (size before relaxing)
 .eh_frame      0x00000000c00049fc       0xc8 build/sync.o
                                         0xe0 (size before relaxing)
 *(.eh_frame.*)

.gcc_except_table
 *(.gcc_except_table .gcc_except_table.*)

.gnu_extab
 *(.gnu_extab*)

.exception_ranges
 *(.exception_ranges .exception_ranges*)
                0x00000000c0005ac4                . = DATA_SEGMENT_ALIGN (0x1000, 0x1000)

.eh_frame
 *(.eh_frame)
 *(.eh_frame.*)

.gnu_extab
 *(.gnu_extab)

.gcc_except_table
 *(.gcc_except_table .gcc_except_table.*)

.exception_ranges
 *(.exception_ranges .exception_ranges*)

.tdata
 *(.tdata .tdata.* .gnu.linkonce.td.*)

.tbss
 *(.tbss .tbss.* .gnu.linkonce.tb.*)
 *(.tcommon)

.preinit_array  0x00000000c0005ac4        0x0
                [!provide]                        PROVIDE (__preinit_array_start, .)
 *(.preinit_array)
                [!provide]                        PROVIDE (__preinit_array_end, .)

.init_array     0x00000000c0005ac4        0x0
                [!provide]                        PROVIDE (__init_array_start, .)
 *(SORT(.init_array.*) SORT(.ctors.*))
 *(.init_array EXCLUDE_FILE(*crtend?.o *crtend.o *crtbegin?.o *crtbegin.o) .ctors)
                [!provide]                        PROVIDE (__init_array_end, .)

.fini_array     0x00000000c0005ac4        0x0
                [!provide]                        PROVIDE (__fini_array_start, .)
 *(SORT(.fini_array.*) SORT(.dtors.*))
 *(.fini_array EXCLUDE_FILE(*crtend?.o *crtend.o *crtbegin?.o *crtbegin.o) .dtors)
                [!provide]                        PROVIDE (__fini_array_end, .)

.ctors
 *crtbegin.o(.ctors)
 *crtbegin?.o(.ctors)
 *(EXCLUDE_FILE(*crtend?.o *crtend.o) .ctors)
 *(SORT(.ctors.*))
 *(.ctors)

.dtors
 *crtbegin.o(.dtors)
 *crtbegin?.o(.dtors)
 *(EXCLUDE_FILE(*crtend?.o *crtend.o) .dtors)
 *(SORT(.dtors.*))
 *(.dtors)

.jcr
 *(.jcr)

.data.rel.ro
 *(.data.rel.ro.local* .gnu.linkonce.d.rel.ro.local.*)
 *(.data.rel.ro .data.rel.ro.* .gnu.linkonce.d.rel.ro.*)

.dynamic
 *(.dynamic)

.got
 *(.got)
 *(.igot)
                0x00000000c0005ac4                . = DATA_SEGMENT_RELRO_END (., (SIZEOF (.got.plt) >= 0xc)?0xc:0x0)

.got.plt        0x00000000c0005ac4        0x0
 *(.got.plt)
 *(.igot.plt)
 .igot.plt      0x00000000c0005ac4        0x0 build/main.o

.data           0x00000000c0005ac4       0xa4
 *(.data .data.* .gnu.linkonce.d.*)
 .data          0x00000000c0005ac4        0x0 build/main.o
 .data          0x00000000c0005ac4       0x99 build/kernel.o
                0x00000000c0005ad9                intr_entry_table
 .data          0x00000000c0005b5d        0x0 build/init.o
 *fill*         0x00000000c0005b5d        0x3 
 .data          0x00000000c0005b60        0x8 build/print.o
 .data          0x00000000c0005b68        0x0 build/interrupt.o
 .data          0x00000000c0005b68        0x0 build/io.o
 .data          0x00000000c0005b68        0x0 build/debug.o
 .data          0x00000000c0005b68        0x0 build/string.o
 .data          0x00000000c0005b68        0x0 build/memory.o
 .data          0x00000000c0005b68        0x0 build/bitmap.o
 .data          0x00000000c0005b68        0x0 build/thread.o
 .data          0x00000000c0005b68        0x0 build/list.o
 .data          0x00000000c0005b68        0x0 build/timer.o
 .data          0x00000000c0005b68        0x0 build/console.o
 .data          0x00000000c0005b68        0x0 build/sync.o

.data1
 *(.data1)
                0x00000000c0005b68                _edata = .
                [!provide]                        PROVIDE (edata, .)
                0x00000000c0005b68                . = .
                0x00000000c0005b68                __bss_start = .

.bss            0x00000000c0005b80      0x2b8
 *(.dynbss)
 *(.bss .bss.* .gnu.linkonce.b.*)
 .bss           0x00000000c0005b80        0x0 build/main.o
 .bss           0x00000000c0005b80        0x0 build/init.o
 .bss           0x00000000c0005b80      0x108 build/interrupt.o
 .bss           0x00000000c0005c88        0x0 build/io.o
 .bss           0x00000000c0005c88        0x0 build/debug.o
 .bss           0x00000000c0005c88        0x0 build/string.o
 .bss           0x00000000c0005c88        0x0 build/memory.o
 .bss           0x00000000c0005c88        0x0 build/bitmap.o
 .bss           0x00000000c0005c88        0x4 build/thread.o
 .bss           0x00000000c0005c8c        0x0 build/list.o
 .bss           0x00000000c0005c8c        0x0 build/timer.o
 .bss           0x00000000c0005c8c       0x1c build/console.o
 .bss           0x00000000c0005ca8        0x0 build/sync.o
 *(COMMON)
 *fill*         0x00000000c0005ca8       0x18 
 COMMON         0x00000000c0005cc0      0x124 build/interrupt.o
                0x00000000c0005cc0                intr_name
                0x00000000c0005d60                idt_table
 COMMON         0x00000000c0005de4       0x2c build/memory.o
                0x00000000c0005de4                user_pool
                0x00000000c0005df4                kernel_vaddr
                0x00000000c0005e00                kernel_pool
 COMMON         0x00000000c0005e10       0x24 build/thread.o
                0x00000000c0005e10                thread_ready_list
                0x00000000c0005e20                thread_all_list
                0x00000000c0005e30                main_thread
 COMMON         0x00000000c0005e34        0x4 build/timer.o
                0x00000000c0005e34                ticks
                0x00000000c0005e38                . = ALIGN ((. != 0x0)?0x4:0x1)
                0x00000000c0005e38                . = ALIGN (0x4)
                0x00000000c0005e38                . = SEGMENT_START ("ldata-segment", .)
                0x00000000c0005e38                . = ALIGN (0x4)
                0x00000000c0005e38                _end = .
                [!provide]                        PROVIDE (end, .)
                0x00000000c0005e38                . = DATA_SEGMENT_END (.)

.stab
 *(.stab)

.stabstr
 *(.stabstr)

.stab.excl
 *(.stab.excl)

.stab.exclstr
 *(.stab.exclstr)

.stab.index
 *(.stab.index)

.stab.indexstr
 *(.stab.indexstr)

.comment        0x0000000000000000       0x35
 *(.comment)
 .comment       0x0000000000000000       0x35 build/main.o
                                         0x36 (size before relaxing)
 .comment       0x0000000000000035       0x36 build/init.o
 .comment       0x0000000000000035       0x36 build/interrupt.o
 .comment       0x0000000000000035       0x36 build/io.o
 .comment       0x0000000000000035       0x36 build/debug.o
 .comment       0x0000000000000035       0x36 build/string.o
 .comment       0x0000000000000035       0x36 build/memory.o
 .comment       0x0000000000000035       0x36 build/bitmap.o
 .comment       0x0000000000000035       0x36 build/thread.o
 .comment       0x0000000000000035       0x36 build/list.o
 .comment       0x0000000000000035       0x36 build/timer.o
 .comment       0x0000000000000035       0x36 build/console.o
 .comment       0x0000000000000035       0x36 build/sync.o

.debug
 *(.debug)

.line
 *(.line)

.debug_srcinfo
 *(.debug_srcinfo)

.debug_sfnames
 *(.debug_sfnames)

.debug_aranges
 *(.debug_aranges)

.debug_pubnames
 *(.debug_pubnames)

.debug_info
 *(.debug_info .gnu.linkonce.wi.*)

.debug_abbrev
 *(.debug_abbrev)

.debug_line
 *(.debug_line .debug_line.* .debug_line_end)

.debug_frame
 *(.debug_frame)

.debug_str
 *(.debug_str)

.debug_loc
 *(.debug_loc)

.debug_macinfo
 *(.debug_macinfo)

.debug_weaknames
 *(.debug_weaknames)

.debug_funcnames
 *(.debug_funcnames)

.debug_typenames
 *(.debug_typenames)

.debug_varnames
 *(.debug_varnames)

.debug_pubtypes
 *(.debug_pubtypes)

.debug_ranges
 *(.debug_ranges)

.debug_macro
 *(.debug_macro)

.gnu.attributes
 *(.gnu.attributes)

/DISCARD/
 *(.note.GNU-stack)
 *(.gnu_debuglink)
 *(.gnu.lto_*)
OUTPUT(build/kernel.bin elf32-i386)
