
Allocating common symbols
Common symbol       size              file

user_pool           0x10              build/memory.o
intr_name           0x84              build/interrupt.o
kernel_vaddr        0xc               build/memory.o
idt_table           0x84              build/interrupt.o
kernel_pool         0x10              build/memory.o

Discarded input sections

 .note.GNU-stack
                0x0000000000000000        0x0 build/main.o
 .note.GNU-stack
                0x0000000000000000        0x0 build/init.o
 .note.GNU-stack
                0x0000000000000000        0x0 build/interrupt.o
 .note.GNU-stack
                0x0000000000000000        0x0 build/io.o
 .note.GNU-stack
                0x0000000000000000        0x0 build/debug.o
 .note.GNU-stack
                0x0000000000000000        0x0 build/string.o
 .note.GNU-stack
                0x0000000000000000        0x0 build/memory.o
 .note.GNU-stack
                0x0000000000000000        0x0 build/bitmap.o

Memory Configuration

Name             Origin             Length             Attributes
*default*        0x0000000000000000 0xffffffffffffffff

Linker script and memory map

Address of section .text set to 0xc0001500
LOAD build/main.o
LOAD build/kernel.o
LOAD build/init.o
LOAD build/print.o
LOAD build/interrupt.o
LOAD build/io.o
LOAD build/debug.o
LOAD build/string.o
LOAD build/memory.o
LOAD build/bitmap.o
                [!provide]                        PROVIDE (__executable_start, 0x8048000)
                0x0000000008048094                . = (0x8048000 + SIZEOF_HEADERS)

.interp
 *(.interp)

.note.gnu.build-id
 *(.note.gnu.build-id)

.hash
 *(.hash)

.gnu.hash
 *(.gnu.hash)

.dynsym
 *(.dynsym)

.dynstr
 *(.dynstr)

.gnu.version
 *(.gnu.version)

.gnu.version_d
 *(.gnu.version_d)

.gnu.version_r
 *(.gnu.version_r)

.rel.dyn        0x0000000008048094        0x0
 *(.rel.init)
 *(.rel.text .rel.text.* .rel.gnu.linkonce.t.*)
 .rel.text      0x0000000008048094        0x0 build/main.o
 *(.rel.fini)
 *(.rel.rodata .rel.rodata.* .rel.gnu.linkonce.r.*)
 *(.rel.data.rel.ro .rel.data.rel.ro.* .rel.gnu.linkonce.d.rel.ro.*)
 *(.rel.data .rel.data.* .rel.gnu.linkonce.d.*)
 *(.rel.tdata .rel.tdata.* .rel.gnu.linkonce.td.*)
 *(.rel.tbss .rel.tbss.* .rel.gnu.linkonce.tb.*)
 *(.rel.ctors)
 *(.rel.dtors)
 *(.rel.got)
 *(.rel.bss .rel.bss.* .rel.gnu.linkonce.b.*)
 *(.rel.ifunc)

.rel.plt        0x0000000008048094        0x0
 *(.rel.plt)
                [!provide]                        PROVIDE (__rel_iplt_start, .)
 *(.rel.iplt)
 .rel.iplt      0x0000000008048094        0x0 build/main.o
                [!provide]                        PROVIDE (__rel_iplt_end, .)

.init
 *(SORT(.init))

.plt            0x00000000080480a0        0x0
 *(.plt)
 *(.iplt)
 .iplt          0x00000000080480a0        0x0 build/main.o

.plt.got
 *(.plt.got)

.text           0x00000000c0001500     0x12c6
 *(.text.unlikely .text.*_unlikely .text.unlikely.*)
 *(.text.exit .text.exit.*)
 *(.text.startup .text.startup.*)
 *(.text.hot .text.hot.*)
 *(.text .stub .text.* .gnu.linkonce.t.*)
 .text          0x00000000c0001500       0x2d build/main.o
                0x00000000c0001500                main
 *fill*         0x00000000c000152d        0x3 
 .text          0x00000000c0001530      0x3bc build/kernel.o
                0x00000000c0001530                intr_exit
                0x00000000c00018cd                lodidt
 .text          0x00000000c00018ec       0x23 build/init.o
                0x00000000c00018ec                init_all
 *fill*         0x00000000c000190f        0x1 
 .text          0x00000000c0001910      0x14e build/print.o
                0x00000000c0001910                put_char
                0x00000000c00019dd                put_str
                0x00000000c00019fb                put_int
 .text          0x00000000c0001a5e      0x381 build/interrupt.o
                0x00000000c0001cfd                idt_init
                0x00000000c0001d4b                intr_enable
                0x00000000c0001d74                intr_disable
                0x00000000c0001d9d                intr_set_status
                0x00000000c0001dbb                intr_get_status
 .text          0x00000000c0001ddf       0xa6 build/io.o
                0x00000000c0001ddf                outb
                0x00000000c0001dfe                outsw
                0x00000000c0001e33                inb
                0x00000000c0001e50                insw
 .text          0x00000000c0001e85       0xd6 build/debug.o
                0x00000000c0001e85                panic_spin
 .text          0x00000000c0001f5b      0x3d0 build/string.o
                0x00000000c0001f5b                memset
                0x00000000c0001fad                memcpy
                0x00000000c000200d                memcmp
                0x00000000c0002090                strcpy
                0x00000000c00020e5                strlen
                0x00000000c0002130                strcmp
                0x00000000c00021a9                strchr
                0x00000000c0002201                strrchr
                0x00000000c000225f                strcat
                0x00000000c00022c9                strchrs
 .text          0x00000000c000232b      0x24e build/memory.o
                0x00000000c0002538                mem_init
 .text          0x00000000c0002579      0x24d build/bitmap.o
                0x00000000c0002579                bitmap_init
                0x00000000c000259c                bitmap_scan_test
                0x00000000c00025dc                bitmap_scan
                0x00000000c0002715                bitmap_set
 *(.gnu.warning)

.fini
 *(SORT(.fini))
                [!provide]                        PROVIDE (__etext, .)
                [!provide]                        PROVIDE (_etext, .)
                [!provide]                        PROVIDE (etext, .)

.rodata         0x00000000c00027c8      0x4ab
 *(.rodata .rodata.* .gnu.linkonce.r.*)
 .rodata        0x00000000c00027c8        0xe build/main.o
 .rodata        0x00000000c00027d6        0xc build/init.o
 *fill*         0x00000000c00027e2        0x2 
 .rodata        0x00000000c00027e4      0x25d build/interrupt.o
 .rodata        0x00000000c0002a41       0x3f build/debug.o
 .rodata        0x00000000c0002a80       0xc4 build/string.o
 .rodata        0x00000000c0002b44       0xc3 build/memory.o
 *fill*         0x00000000c0002c07        0x1 
 .rodata        0x00000000c0002c08       0x6b build/bitmap.o

.rodata1
 *(.rodata1)

.eh_frame_hdr
 *(.eh_frame_hdr)
 *(.eh_frame_entry .eh_frame_entry.*)

.eh_frame       0x00000000c0002c74      0x458
 *(.eh_frame)
 .eh_frame      0x00000000c0002c74       0x3c build/main.o
 .eh_frame      0x00000000c0002cb0       0x20 build/init.o
                                         0x38 (size before relaxing)
 .eh_frame      0x00000000c0002cd0      0x140 build/interrupt.o
                                        0x158 (size before relaxing)
 .eh_frame      0x00000000c0002e10       0x90 build/io.o
                                         0xa8 (size before relaxing)
 .eh_frame      0x00000000c0002ea0       0x1c build/debug.o
                                         0x34 (size before relaxing)
 .eh_frame      0x00000000c0002ebc      0x140 build/string.o
                                        0x158 (size before relaxing)
 .eh_frame      0x00000000c0002ffc       0x40 build/memory.o
                                         0x58 (size before relaxing)
 .eh_frame      0x00000000c000303c       0x90 build/bitmap.o
                                         0xa8 (size before relaxing)
 *(.eh_frame.*)

.gcc_except_table
 *(.gcc_except_table .gcc_except_table.*)

.gnu_extab
 *(.gnu_extab*)

.exception_ranges
 *(.exception_ranges .exception_ranges*)
                0x00000000c00040cc                . = DATA_SEGMENT_ALIGN (0x1000, 0x1000)

.eh_frame
 *(.eh_frame)
 *(.eh_frame.*)

.gnu_extab
 *(.gnu_extab)

.gcc_except_table
 *(.gcc_except_table .gcc_except_table.*)

.exception_ranges
 *(.exception_ranges .exception_ranges*)

.tdata
 *(.tdata .tdata.* .gnu.linkonce.td.*)

.tbss
 *(.tbss .tbss.* .gnu.linkonce.tb.*)
 *(.tcommon)

.preinit_array  0x00000000c00040cc        0x0
                [!provide]                        PROVIDE (__preinit_array_start, .)
 *(.preinit_array)
                [!provide]                        PROVIDE (__preinit_array_end, .)

.init_array     0x00000000c00040cc        0x0
                [!provide]                        PROVIDE (__init_array_start, .)
 *(SORT(.init_array.*) SORT(.ctors.*))
 *(.init_array EXCLUDE_FILE(*crtend?.o *crtend.o *crtbegin?.o *crtbegin.o) .ctors)
                [!provide]                        PROVIDE (__init_array_end, .)

.fini_array     0x00000000c00040cc        0x0
                [!provide]                        PROVIDE (__fini_array_start, .)
 *(SORT(.fini_array.*) SORT(.dtors.*))
 *(.fini_array EXCLUDE_FILE(*crtend?.o *crtend.o *crtbegin?.o *crtbegin.o) .dtors)
                [!provide]                        PROVIDE (__fini_array_end, .)

.ctors
 *crtbegin.o(.ctors)
 *crtbegin?.o(.ctors)
 *(EXCLUDE_FILE(*crtend?.o *crtend.o) .ctors)
 *(SORT(.ctors.*))
 *(.ctors)

.dtors
 *crtbegin.o(.dtors)
 *crtbegin?.o(.dtors)
 *(EXCLUDE_FILE(*crtend?.o *crtend.o) .dtors)
 *(SORT(.dtors.*))
 *(.dtors)

.jcr
 *(.jcr)

.data.rel.ro
 *(.data.rel.ro.local* .gnu.linkonce.d.rel.ro.local.*)
 *(.data.rel.ro .data.rel.ro.* .gnu.linkonce.d.rel.ro.*)

.dynamic
 *(.dynamic)

.got
 *(.got)
 *(.igot)
                0x00000000c00040cc                . = DATA_SEGMENT_RELRO_END (., (SIZEOF (.got.plt) >= 0xc)?0xc:0x0)

.got.plt        0x00000000c00040cc        0x0
 *(.got.plt)
 *(.igot.plt)
 .igot.plt      0x00000000c00040cc        0x0 build/main.o

.data           0x00000000c00040cc       0xa4
 *(.data .data.* .gnu.linkonce.d.*)
 .data          0x00000000c00040cc        0x0 build/main.o
 .data          0x00000000c00040cc       0x99 build/kernel.o
                0x00000000c00040e1                intr_entry_table
 .data          0x00000000c0004165        0x0 build/init.o
 *fill*         0x00000000c0004165        0x3 
 .data          0x00000000c0004168        0x8 build/print.o
 .data          0x00000000c0004170        0x0 build/interrupt.o
 .data          0x00000000c0004170        0x0 build/io.o
 .data          0x00000000c0004170        0x0 build/debug.o
 .data          0x00000000c0004170        0x0 build/string.o
 .data          0x00000000c0004170        0x0 build/memory.o
 .data          0x00000000c0004170        0x0 build/bitmap.o

.data1
 *(.data1)
                0x00000000c0004170                _edata = .
                [!provide]                        PROVIDE (edata, .)
                0x00000000c0004170                . = .
                0x00000000c0004170                __bss_start = .

.bss            0x00000000c0004180      0x270
 *(.dynbss)
 *(.bss .bss.* .gnu.linkonce.b.*)
 .bss           0x00000000c0004180        0x0 build/main.o
 .bss           0x00000000c0004180        0x0 build/init.o
 .bss           0x00000000c0004180      0x108 build/interrupt.o
 .bss           0x00000000c0004288        0x0 build/io.o
 .bss           0x00000000c0004288        0x0 build/debug.o
 .bss           0x00000000c0004288        0x0 build/string.o
 .bss           0x00000000c0004288        0x0 build/memory.o
 .bss           0x00000000c0004288        0x0 build/bitmap.o
 *(COMMON)
 *fill*         0x00000000c0004288       0x18 
 COMMON         0x00000000c00042a0      0x124 build/interrupt.o
                0x00000000c00042a0                intr_name
                0x00000000c0004340                idt_table
 COMMON         0x00000000c00043c4       0x2c build/memory.o
                0x00000000c00043c4                user_pool
                0x00000000c00043d4                kernel_vaddr
                0x00000000c00043e0                kernel_pool
                0x00000000c00043f0                . = ALIGN ((. != 0x0)?0x4:0x1)
                0x00000000c00043f0                . = ALIGN (0x4)
                0x00000000c00043f0                . = SEGMENT_START ("ldata-segment", .)
                0x00000000c00043f0                . = ALIGN (0x4)
                0x00000000c00043f0                _end = .
                [!provide]                        PROVIDE (end, .)
                0x00000000c00043f0                . = DATA_SEGMENT_END (.)

.stab
 *(.stab)

.stabstr
 *(.stabstr)

.stab.excl
 *(.stab.excl)

.stab.exclstr
 *(.stab.exclstr)

.stab.index
 *(.stab.index)

.stab.indexstr
 *(.stab.indexstr)

.comment        0x0000000000000000       0x35
 *(.comment)
 .comment       0x0000000000000000       0x35 build/main.o
                                         0x36 (size before relaxing)
 .comment       0x0000000000000035       0x36 build/init.o
 .comment       0x0000000000000035       0x36 build/interrupt.o
 .comment       0x0000000000000035       0x36 build/io.o
 .comment       0x0000000000000035       0x36 build/debug.o
 .comment       0x0000000000000035       0x36 build/string.o
 .comment       0x0000000000000035       0x36 build/memory.o
 .comment       0x0000000000000035       0x36 build/bitmap.o

.debug
 *(.debug)

.line
 *(.line)

.debug_srcinfo
 *(.debug_srcinfo)

.debug_sfnames
 *(.debug_sfnames)

.debug_aranges
 *(.debug_aranges)

.debug_pubnames
 *(.debug_pubnames)

.debug_info
 *(.debug_info .gnu.linkonce.wi.*)

.debug_abbrev
 *(.debug_abbrev)

.debug_line
 *(.debug_line .debug_line.* .debug_line_end)

.debug_frame
 *(.debug_frame)

.debug_str
 *(.debug_str)

.debug_loc
 *(.debug_loc)

.debug_macinfo
 *(.debug_macinfo)

.debug_weaknames
 *(.debug_weaknames)

.debug_funcnames
 *(.debug_funcnames)

.debug_typenames
 *(.debug_typenames)

.debug_varnames
 *(.debug_varnames)

.debug_pubtypes
 *(.debug_pubtypes)

.debug_ranges
 *(.debug_ranges)

.debug_macro
 *(.debug_macro)

.gnu.attributes
 *(.gnu.attributes)

/DISCARD/
 *(.note.GNU-stack)
 *(.gnu_debuglink)
 *(.gnu.lto_*)
OUTPUT(build/kernel.bin elf32-i386)
