
Allocating common symbols
Common symbol       size              file

thread_ready_list   0x10              build/thread.o
thread_all_list     0x10              build/thread.o
user_pool           0x2c              build/memory.o
channel_cnt         0x1               build/ide.o
k_block_descs       0xa8              build/memory.o
idle_thread         0x4               build/thread.o
intr_name           0x204             build/interrupt.o
main_thread         0x4               build/thread.o
channels            0xcc0             build/ide.o
ticks               0x4               build/timer.o
kernel_vaddr        0xc               build/memory.o
syscall_table       0x80              build/syscall-init.o
idt_table           0x204             build/interrupt.o
partition_list      0x10              build/ide.o
kernel_pool         0x2c              build/memory.o
pid_lock            0x1c              build/thread.o

Discarded input sections

 .note.GNU-stack
                0x0000000000000000        0x0 build/main.o
 .note.GNU-stack
                0x0000000000000000        0x0 build/init.o
 .note.GNU-stack
                0x0000000000000000        0x0 build/interrupt.o
 .note.GNU-stack
                0x0000000000000000        0x0 build/io.o
 .note.GNU-stack
                0x0000000000000000        0x0 build/debug.o
 .note.GNU-stack
                0x0000000000000000        0x0 build/string.o
 .note.GNU-stack
                0x0000000000000000        0x0 build/memory.o
 .note.GNU-stack
                0x0000000000000000        0x0 build/bitmap.o
 .note.GNU-stack
                0x0000000000000000        0x0 build/thread.o
 .note.GNU-stack
                0x0000000000000000        0x0 build/list.o
 .note.GNU-stack
                0x0000000000000000        0x0 build/syscall.o
 .note.GNU-stack
                0x0000000000000000        0x0 build/syscall-init.o
 .note.GNU-stack
                0x0000000000000000        0x0 build/timer.o
 .note.GNU-stack
                0x0000000000000000        0x0 build/console.o
 .note.GNU-stack
                0x0000000000000000        0x0 build/sync.o
 .note.GNU-stack
                0x0000000000000000        0x0 build/keyboard.o
 .note.GNU-stack
                0x0000000000000000        0x0 build/tss.o
 .note.GNU-stack
                0x0000000000000000        0x0 build/process.o
 .note.GNU-stack
                0x0000000000000000        0x0 build/stdio.o
 .note.GNU-stack
                0x0000000000000000        0x0 build/ide.o
 .note.GNU-stack
                0x0000000000000000        0x0 build/stdio-kernel.o

Memory Configuration

Name             Origin             Length             Attributes
*default*        0x0000000000000000 0xffffffffffffffff

Linker script and memory map

Address of section .text set to 0xc0001500
LOAD build/main.o
LOAD build/kernel.o
LOAD build/init.o
LOAD build/print.o
LOAD build/interrupt.o
LOAD build/io.o
LOAD build/debug.o
LOAD build/string.o
LOAD build/memory.o
LOAD build/bitmap.o
LOAD build/thread.o
LOAD build/list.o
LOAD build/syscall.o
LOAD build/syscall-init.o
LOAD build/timer.o
LOAD build/switch.o
LOAD build/console.o
LOAD build/sync.o
LOAD build/keyboard.o
LOAD build/tss.o
LOAD build/process.o
LOAD build/stdio.o
LOAD build/ide.o
LOAD build/stdio-kernel.o
                [!provide]                        PROVIDE (__executable_start, 0x8048000)
                0x0000000008048094                . = (0x8048000 + SIZEOF_HEADERS)

.interp
 *(.interp)

.note.gnu.build-id
 *(.note.gnu.build-id)

.hash
 *(.hash)

.gnu.hash
 *(.gnu.hash)

.dynsym
 *(.dynsym)

.dynstr
 *(.dynstr)

.gnu.version
 *(.gnu.version)

.gnu.version_d
 *(.gnu.version_d)

.gnu.version_r
 *(.gnu.version_r)

.rel.dyn        0x0000000008048094        0x0
 *(.rel.init)
 *(.rel.text .rel.text.* .rel.gnu.linkonce.t.*)
 .rel.text      0x0000000008048094        0x0 build/main.o
 *(.rel.fini)
 *(.rel.rodata .rel.rodata.* .rel.gnu.linkonce.r.*)
 *(.rel.data.rel.ro .rel.data.rel.ro.* .rel.gnu.linkonce.d.rel.ro.*)
 *(.rel.data .rel.data.* .rel.gnu.linkonce.d.*)
 *(.rel.tdata .rel.tdata.* .rel.gnu.linkonce.td.*)
 *(.rel.tbss .rel.tbss.* .rel.gnu.linkonce.tb.*)
 *(.rel.ctors)
 *(.rel.dtors)
 *(.rel.got)
 *(.rel.bss .rel.bss.* .rel.gnu.linkonce.b.*)
 *(.rel.ifunc)

.rel.plt        0x0000000008048094        0x0
 *(.rel.plt)
                [!provide]                        PROVIDE (__rel_iplt_start, .)
 *(.rel.iplt)
 .rel.iplt      0x0000000008048094        0x0 build/main.o
                [!provide]                        PROVIDE (__rel_iplt_end, .)

.init
 *(SORT(.init))

.plt            0x00000000080480a0        0x0
 *(.plt)
 *(.iplt)
 .iplt          0x00000000080480a0        0x0 build/main.o

.plt.got
 *(.plt.got)

.text           0x00000000c0001500     0x4d0e
 *(.text.unlikely .text.*_unlikely .text.unlikely.*)
 *(.text.exit .text.exit.*)
 *(.text.startup .text.startup.*)
 *(.text.hot .text.hot.*)
 *(.text .stub .text.* .gnu.linkonce.t.*)
 .text          0x00000000c0001500      0x3b1 build/main.o
                0x00000000c0001500                main
                0x00000000c00015b7                k_thread_a
                0x00000000c000169b                k_thread_b
                0x00000000c000177f                u_prog_a
                0x00000000c0001818                u_prog_b
 *fill*         0x00000000c00018b1        0xf 
 .text          0x00000000c00018c0      0x584 build/kernel.o
                0x00000000c00018c0                intr_exit
                0x00000000c0001e01                lodidt
                0x00000000c0001e20                syscall_handler
 .text          0x00000000c0001e44       0x46 build/init.o
                0x00000000c0001e44                init_all
 *fill*         0x00000000c0001e8a        0x6 
 .text          0x00000000c0001e90      0x14e build/print.o
                0x00000000c0001e90                put_char
                0x00000000c0001f5d                put_str
                0x00000000c0001f7b                put_int
 .text          0x00000000c0001fde      0x3c9 build/interrupt.o
                0x00000000c00022a8                register_handler
                0x00000000c00022c5                idt_init
                0x00000000c0002313                intr_enable
                0x00000000c000233c                intr_disable
                0x00000000c0002365                intr_set_status
                0x00000000c0002383                intr_get_status
 .text          0x00000000c00023a7       0xa6 build/io.o
                0x00000000c00023a7                outb
                0x00000000c00023c6                outsw
                0x00000000c00023fb                inb
                0x00000000c0002418                insw
 .text          0x00000000c000244d       0xd6 build/debug.o
                0x00000000c000244d                panic_spin
 .text          0x00000000c0002523      0x3d0 build/string.o
                0x00000000c0002523                memset
                0x00000000c0002575                memcpy
                0x00000000c00025d5                memcmp
                0x00000000c0002658                strcpy
                0x00000000c00026ad                strlen
                0x00000000c00026f8                strcmp
                0x00000000c0002771                strchr
                0x00000000c00027c9                strrchr
                0x00000000c0002827                strcat
                0x00000000c0002891                strchrs
 .text          0x00000000c00028f3     0x10db build/memory.o
                0x00000000c0002a09                pte_ptr
                0x00000000c0002a39                pde_ptr
                0x00000000c0002ba3                malloc_page
                0x00000000c0002c62                get_kernel_pages
                0x00000000c0002c9d                get_user_pages
                0x00000000c0002cf8                get_a_page
                0x00000000c0002e56                addr_v2p
                0x00000000c00030af                block_desc_init
                0x00000000c0003169                sys_malloc
                0x00000000c000349e                pfree
                0x00000000c00035d5                mfree_page
                0x00000000c0003796                sys_free
                0x00000000c000397d                mem_init
 .text          0x00000000c00039ce      0x24d build/bitmap.o
                0x00000000c00039ce                bitmap_init
                0x00000000c00039f1                bitmap_scan_test
                0x00000000c0003a31                bitmap_scan
                0x00000000c0003b6a                bitmap_set
 .text          0x00000000c0003c1b      0x699 build/thread.o
                0x00000000c0003c32                running_thread
                0x00000000c0003ca2                thread_creat
                0x00000000c0003d19                init_thread
                0x00000000c0003dc0                thread_start
                0x00000000c0003e99                schedule
                0x00000000c0003fdd                thread_block
                0x00000000c0004040                thread_unblock
                0x00000000c000413a                thread_yield
                0x00000000c000423b                thread_init
 .text          0x00000000c00042b4      0x1f1 build/list.o
                0x00000000c00042b4                list_init
                0x00000000c00042e2                list_insert_before
                0x00000000c0004327                list_push
                0x00000000c0004345                list_append
                0x00000000c0004363                list_remove
                0x00000000c000439d                list_pop
                0x00000000c00043bf                elem_find
                0x00000000c00043fa                list_traversal
                0x00000000c0004457                list_len
                0x00000000c000448c                list_empty
 .text          0x00000000c00044a5       0x70 build/syscall.o
                0x00000000c00044a5                getpid
                0x00000000c00044ba                write
                0x00000000c00044d9                malloc
                0x00000000c00044f8                free
 .text          0x00000000c0004515       0x87 build/syscall-init.o
                0x00000000c0004515                sys_getpid
                0x00000000c0004527                sys_write
                0x00000000c000454b                syscall_init
 .text          0x00000000c000459c      0x123 build/timer.o
                0x00000000c0004639                mtime_sleep
                0x00000000c0004684                timer_init
 *fill*         0x00000000c00046bf        0x1 
 .text          0x00000000c00046c0       0x15 build/switch.o
                0x00000000c00046c0                switch_to
 .text          0x00000000c00046d5       0xb6 build/console.o
                0x00000000c00046d5                console_init
                0x00000000c00046ee                console_acquire
                0x00000000c0004707                console_release
                0x00000000c0004720                console_put_str
                0x00000000c0004741                console_put_char
                0x00000000c000476a                console_put_int
 .text          0x00000000c000478b      0x313 build/sync.o
                0x00000000c000478b                sema_init
                0x00000000c00047b5                lock_init
                0x00000000c00047e5                sema_down
                0x00000000c00048e0                sema_up
                0x00000000c000498f                lock_acquire
                0x00000000c0004a06                lock_release
 .text          0x00000000c0004a9e      0x297 build/keyboard.o
                0x00000000c0004cfa                keyboard_init
 .text          0x00000000c0004d35      0x18c build/tss.o
                0x00000000c0004d35                update_tss_esp
                0x00000000c0004db7                tss_init
 .text          0x00000000c0004ec1      0x370 build/process.o
                0x00000000c0004ec1                start_process
                0x00000000c0004fc6                page_dir_activate
                0x00000000c0004ffb                process_activate
                0x00000000c0005049                create_page_dir
                0x00000000c00050ba                create_user_vaddr_bitmap
                0x00000000c0005106                process_execute
 .text          0x00000000c0005231      0x287 build/stdio.o
                0x00000000c00052b0                vsprintf
                0x00000000c000542d                sprintf
                0x00000000c000545d                printf
 .text          0x00000000c00054b8      0xcfa build/ide.o
                0x00000000c0005733                ide_read
                0x00000000c00058a7                ide_write
                0x00000000c0005eec                intr_hd_handler
                0x00000000c0005fa6                ide_init
 .text          0x00000000c00061b2       0x5c build/stdio-kernel.o
                0x00000000c00061b2                printk
 *(.gnu.warning)

.fini
 *(SORT(.fini))
                [!provide]                        PROVIDE (__etext, .)
                [!provide]                        PROVIDE (_etext, .)
                [!provide]                        PROVIDE (etext, .)

.rodata         0x00000000c0006210     0x1041
 *(.rodata .rodata.* .gnu.linkonce.r.*)
 .rodata        0x00000000c0006210       0xd0 build/main.o
 .rodata        0x00000000c00062e0        0xc build/init.o
 .rodata        0x00000000c00062ec      0x25d build/interrupt.o
 .rodata        0x00000000c0006549       0x3f build/debug.o
 .rodata        0x00000000c0006588       0xc4 build/string.o
 .rodata        0x00000000c000664c      0x3d1 build/memory.o
 *fill*         0x00000000c0006a1d        0x3 
 .rodata        0x00000000c0006a20       0x6b build/bitmap.o
 *fill*         0x00000000c0006a8b        0x1 
 .rodata        0x00000000c0006a8c      0x2dd build/thread.o
 .rodata        0x00000000c0006d69       0x27 build/syscall-init.o
 .rodata        0x00000000c0006d90       0x8c build/timer.o
 .rodata        0x00000000c0006e1c      0x105 build/sync.o
 .rodata        0x00000000c0006f21       0x38 build/keyboard.o
 .rodata        0x00000000c0006f59       0x21 build/tss.o
 *fill*         0x00000000c0006f7a        0x2 
 .rodata        0x00000000c0006f7c       0xdc build/process.o
 .rodata        0x00000000c0007058      0x1f9 build/ide.o

.rodata1
 *(.rodata1)

.eh_frame_hdr
 *(.eh_frame_hdr)
 *(.eh_frame_entry .eh_frame_entry.*)

.eh_frame       0x00000000c0007254     0x10e8
 *(.eh_frame)
 .eh_frame      0x00000000c0007254       0xac build/main.o
 .eh_frame      0x00000000c0007300       0x20 build/init.o
                                         0x38 (size before relaxing)
 .eh_frame      0x00000000c0007320      0x160 build/interrupt.o
                                        0x178 (size before relaxing)
 .eh_frame      0x00000000c0007480       0x90 build/io.o
                                         0xa8 (size before relaxing)
 .eh_frame      0x00000000c0007510       0x1c build/debug.o
                                         0x34 (size before relaxing)
 .eh_frame      0x00000000c000752c      0x140 build/string.o
                                        0x158 (size before relaxing)
 .eh_frame      0x00000000c000766c      0x2a0 build/memory.o
                                        0x2b8 (size before relaxing)
 .eh_frame      0x00000000c000790c       0x90 build/bitmap.o
                                         0xa8 (size before relaxing)
 .eh_frame      0x00000000c000799c      0x19c build/thread.o
                                        0x1b4 (size before relaxing)
 .eh_frame      0x00000000c0007b38      0x140 build/list.o
                                        0x158 (size before relaxing)
 .eh_frame      0x00000000c0007c78       0x8c build/syscall.o
                                         0xa4 (size before relaxing)
 .eh_frame      0x00000000c0007d04       0x60 build/syscall-init.o
                                         0x78 (size before relaxing)
 .eh_frame      0x00000000c0007d64       0x80 build/timer.o
                                         0x98 (size before relaxing)
 .eh_frame      0x00000000c0007de4       0xc0 build/console.o
                                         0xd8 (size before relaxing)
 .eh_frame      0x00000000c0007ea4       0xc8 build/sync.o
                                         0xe0 (size before relaxing)
 .eh_frame      0x00000000c0007f6c       0x40 build/keyboard.o
                                         0x58 (size before relaxing)
 .eh_frame      0x00000000c0007fac       0x64 build/tss.o
                                         0x7c (size before relaxing)
 .eh_frame      0x00000000c0008010       0xc0 build/process.o
                                         0xd8 (size before relaxing)
 .eh_frame      0x00000000c00080d0       0x84 build/stdio.o
                                         0x9c (size before relaxing)
 .eh_frame      0x00000000c0008154      0x1c4 build/ide.o
                                        0x1dc (size before relaxing)
 .eh_frame      0x00000000c0008318       0x24 build/stdio-kernel.o
                                         0x3c (size before relaxing)
 *(.eh_frame.*)

.gcc_except_table
 *(.gcc_except_table .gcc_except_table.*)

.gnu_extab
 *(.gnu_extab*)

.exception_ranges
 *(.exception_ranges .exception_ranges*)
                0x00000000c000933c                . = DATA_SEGMENT_ALIGN (0x1000, 0x1000)

.eh_frame
 *(.eh_frame)
 *(.eh_frame.*)

.gnu_extab
 *(.gnu_extab)

.gcc_except_table
 *(.gcc_except_table .gcc_except_table.*)

.exception_ranges
 *(.exception_ranges .exception_ranges*)

.tdata
 *(.tdata .tdata.* .gnu.linkonce.td.*)

.tbss
 *(.tbss .tbss.* .gnu.linkonce.tb.*)
 *(.tcommon)

.preinit_array  0x00000000c000933c        0x0
                [!provide]                        PROVIDE (__preinit_array_start, .)
 *(.preinit_array)
                [!provide]                        PROVIDE (__preinit_array_end, .)

.init_array     0x00000000c000933c        0x0
                [!provide]                        PROVIDE (__init_array_start, .)
 *(SORT(.init_array.*) SORT(.ctors.*))
 *(.init_array EXCLUDE_FILE(*crtend?.o *crtend.o *crtbegin?.o *crtbegin.o) .ctors)
                [!provide]                        PROVIDE (__init_array_end, .)

.fini_array     0x00000000c000933c        0x0
                [!provide]                        PROVIDE (__fini_array_start, .)
 *(SORT(.fini_array.*) SORT(.dtors.*))
 *(.fini_array EXCLUDE_FILE(*crtend?.o *crtend.o *crtbegin?.o *crtbegin.o) .dtors)
                [!provide]                        PROVIDE (__fini_array_end, .)

.ctors
 *crtbegin.o(.ctors)
 *crtbegin?.o(.ctors)
 *(EXCLUDE_FILE(*crtend?.o *crtend.o) .ctors)
 *(SORT(.ctors.*))
 *(.ctors)

.dtors
 *crtbegin.o(.dtors)
 *crtbegin?.o(.dtors)
 *(EXCLUDE_FILE(*crtend?.o *crtend.o) .dtors)
 *(SORT(.dtors.*))
 *(.dtors)

.jcr
 *(.jcr)

.data.rel.ro
 *(.data.rel.ro.local* .gnu.linkonce.d.rel.ro.local.*)
 *(.data.rel.ro .data.rel.ro.* .gnu.linkonce.d.rel.ro.*)

.dynamic
 *(.dynamic)

.got
 *(.got)
 *(.igot)
                0x00000000c000933c                . = DATA_SEGMENT_RELRO_END (., (SIZEOF (.got.plt) >= 0xc)?0xc:0x0)

.got.plt        0x00000000c000933c        0x0
 *(.got.plt)
 *(.igot.plt)
 .igot.plt      0x00000000c000933c        0x0 build/main.o

.data           0x00000000c0009340      0x156
 *(.data .data.* .gnu.linkonce.d.*)
 .data          0x00000000c0009340        0x0 build/main.o
 .data          0x00000000c0009340       0xd5 build/kernel.o
                0x00000000c0009355                intr_entry_table
 .data          0x00000000c0009415        0x0 build/init.o
 *fill*         0x00000000c0009415        0x3 
 .data          0x00000000c0009418        0x8 build/print.o
 .data          0x00000000c0009420        0x0 build/interrupt.o
 .data          0x00000000c0009420        0x0 build/io.o
 .data          0x00000000c0009420        0x0 build/debug.o
 .data          0x00000000c0009420        0x0 build/string.o
 .data          0x00000000c0009420        0x0 build/memory.o
 .data          0x00000000c0009420        0x0 build/bitmap.o
 .data          0x00000000c0009420        0x0 build/thread.o
 .data          0x00000000c0009420        0x0 build/list.o
 .data          0x00000000c0009420        0x0 build/syscall.o
 .data          0x00000000c0009420        0x0 build/syscall-init.o
 .data          0x00000000c0009420        0x0 build/timer.o
 .data          0x00000000c0009420        0x0 build/console.o
 .data          0x00000000c0009420        0x0 build/sync.o
 .data          0x00000000c0009420       0x76 build/keyboard.o
 .data          0x00000000c0009496        0x0 build/tss.o
 .data          0x00000000c0009496        0x0 build/process.o
 .data          0x00000000c0009496        0x0 build/stdio.o
 .data          0x00000000c0009496        0x0 build/ide.o
 .data          0x00000000c0009496        0x0 build/stdio-kernel.o

.data1
 *(.data1)
                0x00000000c0009496                _edata = .
                [!provide]                        PROVIDE (edata, .)
                0x00000000c0009496                . = .
                0x00000000c0009496                __bss_start = .

.bss            0x00000000c00094a0     0x1810
 *(.dynbss)
 *(.bss .bss.* .gnu.linkonce.b.*)
 .bss           0x00000000c00094a0        0x0 build/main.o
 .bss           0x00000000c00094a0        0x0 build/init.o
 .bss           0x00000000c00094a0      0x408 build/interrupt.o
 .bss           0x00000000c00098a8        0x0 build/io.o
 .bss           0x00000000c00098a8        0x0 build/debug.o
 .bss           0x00000000c00098a8        0x0 build/string.o
 .bss           0x00000000c00098a8        0x0 build/memory.o
 .bss           0x00000000c00098a8        0x0 build/bitmap.o
 .bss           0x00000000c00098a8        0x6 build/thread.o
 .bss           0x00000000c00098ae        0x0 build/list.o
 .bss           0x00000000c00098ae        0x0 build/syscall.o
 .bss           0x00000000c00098ae        0x0 build/syscall-init.o
 .bss           0x00000000c00098ae        0x0 build/timer.o
 *fill*         0x00000000c00098ae        0x2 
 .bss           0x00000000c00098b0       0x1c build/console.o
 .bss           0x00000000c00098cc        0x0 build/sync.o
 .bss           0x00000000c00098cc       0x14 build/keyboard.o
 .bss           0x00000000c00098e0       0x6c build/tss.o
 .bss           0x00000000c000994c        0x0 build/process.o
 .bss           0x00000000c000994c        0x0 build/stdio.o
 .bss           0x00000000c000994c        0x6 build/ide.o
                0x00000000c000994c                ext_lba_base
                0x00000000c0009950                p_no
                0x00000000c0009951                l_no
 .bss           0x00000000c0009952        0x0 build/stdio-kernel.o
 *(COMMON)
 *fill*         0x00000000c0009952        0xe 
 COMMON         0x00000000c0009960      0x424 build/interrupt.o
                0x00000000c0009960                intr_name
                0x00000000c0009b80                idt_table
 *fill*         0x00000000c0009d84       0x1c 
 COMMON         0x00000000c0009da0      0x12c build/memory.o
                0x00000000c0009da0                user_pool
                0x00000000c0009de0                k_block_descs
                0x00000000c0009e88                kernel_vaddr
                0x00000000c0009ea0                kernel_pool
 COMMON         0x00000000c0009ecc       0x44 build/thread.o
                0x00000000c0009ecc                thread_ready_list
                0x00000000c0009edc                thread_all_list
                0x00000000c0009eec                idle_thread
                0x00000000c0009ef0                main_thread
                0x00000000c0009ef4                pid_lock
 *fill*         0x00000000c0009f10       0x10 
 COMMON         0x00000000c0009f20       0x80 build/syscall-init.o
                0x00000000c0009f20                syscall_table
 COMMON         0x00000000c0009fa0        0x4 build/timer.o
                0x00000000c0009fa0                ticks
 *fill*         0x00000000c0009fa4       0x1c 
 COMMON         0x00000000c0009fc0      0xcf0 build/ide.o
                0x00000000c0009fc0                channel_cnt
                0x00000000c0009fe0                channels
                0x00000000c000aca0                partition_list
                0x00000000c000acb0                . = ALIGN ((. != 0x0)?0x4:0x1)
                0x00000000c000acb0                . = ALIGN (0x4)
                0x00000000c000acb0                . = SEGMENT_START ("ldata-segment", .)
                0x00000000c000acb0                . = ALIGN (0x4)
                0x00000000c000acb0                _end = .
                [!provide]                        PROVIDE (end, .)
                0x00000000c000acb0                . = DATA_SEGMENT_END (.)

.stab
 *(.stab)

.stabstr
 *(.stabstr)

.stab.excl
 *(.stab.excl)

.stab.exclstr
 *(.stab.exclstr)

.stab.index
 *(.stab.index)

.stab.indexstr
 *(.stab.indexstr)

.comment        0x0000000000000000       0x35
 *(.comment)
 .comment       0x0000000000000000       0x35 build/main.o
                                         0x36 (size before relaxing)
 .comment       0x0000000000000035       0x36 build/init.o
 .comment       0x0000000000000035       0x36 build/interrupt.o
 .comment       0x0000000000000035       0x36 build/io.o
 .comment       0x0000000000000035       0x36 build/debug.o
 .comment       0x0000000000000035       0x36 build/string.o
 .comment       0x0000000000000035       0x36 build/memory.o
 .comment       0x0000000000000035       0x36 build/bitmap.o
 .comment       0x0000000000000035       0x36 build/thread.o
 .comment       0x0000000000000035       0x36 build/list.o
 .comment       0x0000000000000035       0x36 build/syscall.o
 .comment       0x0000000000000035       0x36 build/syscall-init.o
 .comment       0x0000000000000035       0x36 build/timer.o
 .comment       0x0000000000000035       0x36 build/console.o
 .comment       0x0000000000000035       0x36 build/sync.o
 .comment       0x0000000000000035       0x36 build/keyboard.o
 .comment       0x0000000000000035       0x36 build/tss.o
 .comment       0x0000000000000035       0x36 build/process.o
 .comment       0x0000000000000035       0x36 build/stdio.o
 .comment       0x0000000000000035       0x36 build/ide.o
 .comment       0x0000000000000035       0x36 build/stdio-kernel.o

.debug
 *(.debug)

.line
 *(.line)

.debug_srcinfo
 *(.debug_srcinfo)

.debug_sfnames
 *(.debug_sfnames)

.debug_aranges
 *(.debug_aranges)

.debug_pubnames
 *(.debug_pubnames)

.debug_info
 *(.debug_info .gnu.linkonce.wi.*)

.debug_abbrev
 *(.debug_abbrev)

.debug_line
 *(.debug_line .debug_line.* .debug_line_end)

.debug_frame
 *(.debug_frame)

.debug_str
 *(.debug_str)

.debug_loc
 *(.debug_loc)

.debug_macinfo
 *(.debug_macinfo)

.debug_weaknames
 *(.debug_weaknames)

.debug_funcnames
 *(.debug_funcnames)

.debug_typenames
 *(.debug_typenames)

.debug_varnames
 *(.debug_varnames)

.debug_pubtypes
 *(.debug_pubtypes)

.debug_ranges
 *(.debug_ranges)

.debug_macro
 *(.debug_macro)

.gnu.attributes
 *(.gnu.attributes)

/DISCARD/
 *(.note.GNU-stack)
 *(.gnu_debuglink)
 *(.gnu.lto_*)
OUTPUT(build/kernel.bin elf32-i386)
